Archive member included to satisfy reference by file (symbol)

d:/stm32 cube ide/stm32cubeide_1.6.1/stm32cubeide/plugins/com.st.stm32cube.ide.mcu.externaltools.gnu-tools-for-stm32.9-2020-q2-update.win32_2.0.0.202105311346/tools/bin/../lib/gcc/arm-none-eabi/9.3.1/../../../../arm-none-eabi/lib/thumb/v7e-m+fp/hard\libc_nano.a(lib_a-errno.o)
                              ./Core/Src/syscalls.o (__errno)
d:/stm32 cube ide/stm32cubeide_1.6.1/stm32cubeide/plugins/com.st.stm32cube.ide.mcu.externaltools.gnu-tools-for-stm32.9-2020-q2-update.win32_2.0.0.202105311346/tools/bin/../lib/gcc/arm-none-eabi/9.3.1/../../../../arm-none-eabi/lib/thumb/v7e-m+fp/hard\libc_nano.a(lib_a-exit.o)
                              d:/stm32 cube ide/stm32cubeide_1.6.1/stm32cubeide/plugins/com.st.stm32cube.ide.mcu.externaltools.gnu-tools-for-stm32.9-2020-q2-update.win32_2.0.0.202105311346/tools/bin/../lib/gcc/arm-none-eabi/9.3.1/../../../../arm-none-eabi/lib/thumb/v7e-m+fp/hard/crt0.o (exit)
d:/stm32 cube ide/stm32cubeide_1.6.1/stm32cubeide/plugins/com.st.stm32cube.ide.mcu.externaltools.gnu-tools-for-stm32.9-2020-q2-update.win32_2.0.0.202105311346/tools/bin/../lib/gcc/arm-none-eabi/9.3.1/../../../../arm-none-eabi/lib/thumb/v7e-m+fp/hard\libc_nano.a(lib_a-impure.o)
                              d:/stm32 cube ide/stm32cubeide_1.6.1/stm32cubeide/plugins/com.st.stm32cube.ide.mcu.externaltools.gnu-tools-for-stm32.9-2020-q2-update.win32_2.0.0.202105311346/tools/bin/../lib/gcc/arm-none-eabi/9.3.1/../../../../arm-none-eabi/lib/thumb/v7e-m+fp/hard\libc_nano.a(lib_a-exit.o) (_global_impure_ptr)
d:/stm32 cube ide/stm32cubeide_1.6.1/stm32cubeide/plugins/com.st.stm32cube.ide.mcu.externaltools.gnu-tools-for-stm32.9-2020-q2-update.win32_2.0.0.202105311346/tools/bin/../lib/gcc/arm-none-eabi/9.3.1/../../../../arm-none-eabi/lib/thumb/v7e-m+fp/hard\libc_nano.a(lib_a-init.o)
                              d:/stm32 cube ide/stm32cubeide_1.6.1/stm32cubeide/plugins/com.st.stm32cube.ide.mcu.externaltools.gnu-tools-for-stm32.9-2020-q2-update.win32_2.0.0.202105311346/tools/bin/../lib/gcc/arm-none-eabi/9.3.1/../../../../arm-none-eabi/lib/thumb/v7e-m+fp/hard/crt0.o (__libc_init_array)
d:/stm32 cube ide/stm32cubeide_1.6.1/stm32cubeide/plugins/com.st.stm32cube.ide.mcu.externaltools.gnu-tools-for-stm32.9-2020-q2-update.win32_2.0.0.202105311346/tools/bin/../lib/gcc/arm-none-eabi/9.3.1/../../../../arm-none-eabi/lib/thumb/v7e-m+fp/hard\libc_nano.a(lib_a-memset.o)
                              d:/stm32 cube ide/stm32cubeide_1.6.1/stm32cubeide/plugins/com.st.stm32cube.ide.mcu.externaltools.gnu-tools-for-stm32.9-2020-q2-update.win32_2.0.0.202105311346/tools/bin/../lib/gcc/arm-none-eabi/9.3.1/../../../../arm-none-eabi/lib/thumb/v7e-m+fp/hard/crt0.o (memset)
d:/stm32 cube ide/stm32cubeide_1.6.1/stm32cubeide/plugins/com.st.stm32cube.ide.mcu.externaltools.gnu-tools-for-stm32.9-2020-q2-update.win32_2.0.0.202105311346/tools/bin/../lib/gcc/arm-none-eabi/9.3.1/../../../../arm-none-eabi/lib/thumb/v7e-m+fp/hard\libc_nano.a(lib_a-s_modf.o)
                              ./Core/Src/Usart_config.o (modf)
d:/stm32 cube ide/stm32cubeide_1.6.1/stm32cubeide/plugins/com.st.stm32cube.ide.mcu.externaltools.gnu-tools-for-stm32.9-2020-q2-update.win32_2.0.0.202105311346/tools/bin/../lib/gcc/arm-none-eabi/9.3.1/thumb/v7e-m+fp/hard\libgcc.a(_arm_muldf3.o)
                              ./Core/Src/I2C.o (__aeabi_dmul)
d:/stm32 cube ide/stm32cubeide_1.6.1/stm32cubeide/plugins/com.st.stm32cube.ide.mcu.externaltools.gnu-tools-for-stm32.9-2020-q2-update.win32_2.0.0.202105311346/tools/bin/../lib/gcc/arm-none-eabi/9.3.1/thumb/v7e-m+fp/hard\libgcc.a(_arm_addsubdf3.o)
                              d:/stm32 cube ide/stm32cubeide_1.6.1/stm32cubeide/plugins/com.st.stm32cube.ide.mcu.externaltools.gnu-tools-for-stm32.9-2020-q2-update.win32_2.0.0.202105311346/tools/bin/../lib/gcc/arm-none-eabi/9.3.1/../../../../arm-none-eabi/lib/thumb/v7e-m+fp/hard\libc_nano.a(lib_a-s_modf.o) (__aeabi_dsub)
d:/stm32 cube ide/stm32cubeide_1.6.1/stm32cubeide/plugins/com.st.stm32cube.ide.mcu.externaltools.gnu-tools-for-stm32.9-2020-q2-update.win32_2.0.0.202105311346/tools/bin/../lib/gcc/arm-none-eabi/9.3.1/thumb/v7e-m+fp/hard\libgcc.a(_arm_muldivdf3.o)
                              ./Core/Src/I2C.o (__aeabi_ddiv)
d:/stm32 cube ide/stm32cubeide_1.6.1/stm32cubeide/plugins/com.st.stm32cube.ide.mcu.externaltools.gnu-tools-for-stm32.9-2020-q2-update.win32_2.0.0.202105311346/tools/bin/../lib/gcc/arm-none-eabi/9.3.1/thumb/v7e-m+fp/hard\libgcc.a(_arm_fixdfsi.o)
                              ./Core/Src/Usart_config.o (__aeabi_d2iz)
d:/stm32 cube ide/stm32cubeide_1.6.1/stm32cubeide/plugins/com.st.stm32cube.ide.mcu.externaltools.gnu-tools-for-stm32.9-2020-q2-update.win32_2.0.0.202105311346/tools/bin/../lib/gcc/arm-none-eabi/9.3.1/thumb/v7e-m+fp/hard\libgcc.a(_arm_fixunsdfsi.o)
                              ./Core/Src/I2C.o (__aeabi_d2uiz)
[...]
Memory Configuration

Name             Origin             Length             Attributes
RAM              0x0000000020000000 0x0000000000020000 xrw
FLASH            0x0000000008000000 0x0000000000080000 xr
*default*        0x0000000000000000 0xffffffffffffffff

Linker script and memory map

LOAD d:/stm32 cube ide/stm32cubeide_1.6.1/stm32cubeide/plugins/com.st.stm32cube.ide.mcu.externaltools.gnu-tools-for-stm32.9-2020-q2-update.win32_2.0.0.202105311346/tools/bin/../lib/gcc/arm-none-eabi/9.3.1/thumb/v7e-m+fp/hard/crti.o
LOAD d:/stm32 cube ide/stm32cubeide_1.6.1/stm32cubeide/plugins/com.st.stm32cube.ide.mcu.externaltools.gnu-tools-for-stm32.9-2020-q2-update.win32_2.0.0.202105311346/tools/bin/../lib/gcc/arm-none-eabi/9.3.1/thumb/v7e-m+fp/hard/crtbegin.o
LOAD d:/stm32 cube ide/stm32cubeide_1.6.1/stm32cubeide/plugins/com.st.stm32cube.ide.mcu.externaltools.gnu-tools-for-stm32.9-2020-q2-update.win32_2.0.0.202105311346/tools/bin/../lib/gcc/arm-none-eabi/9.3.1/../../../../arm-none-eabi/lib/thumb/v7e-m+fp/hard/crt0.o
LOAD ./Core/Src/GPIO.o
LOAD ./Core/Src/I2C.o
LOAD ./Core/Src/NVIC.o
LOAD ./Core/Src/RCC.o
LOAD ./Core/Src/Usart_config.o
LOAD ./Core/Src/main.o
LOAD ./Core/Src/stm32f4xx_hal_msp.o
LOAD ./Core/Src/stm32f4xx_it.o
LOAD ./Core/Src/syscalls.o
LOAD ./Core/Src/sysmem.o
LOAD ./Core/Src/system_stm32f4xx.o
LOAD ./Core/Startup/startup_stm32f411retx.o
LOAD ./Drivers/STM32F4xx_HAL_Driver/Src/stm32f4xx_hal.o
LOAD ./Drivers/STM32F4xx_HAL_Driver/Src/stm32f4xx_hal_cortex.o
LOAD ./Drivers/STM32F4xx_HAL_Driver/Src/stm32f4xx_hal_dma.o
LOAD ./Drivers/STM32F4xx_HAL_Driver/Src/stm32f4xx_hal_dma_ex.o
LOAD ./Drivers/STM32F4xx_HAL_Driver/Src/stm32f4xx_hal_exti.o
LOAD ./Drivers/STM32F4xx_HAL_Driver/Src/stm32f4xx_hal_flash.o
LOAD ./Drivers/STM32F4xx_HAL_Driver/Src/stm32f4xx_hal_flash_ex.o
LOAD ./Drivers/STM32F4xx_HAL_Driver/Src/stm32f4xx_hal_flash_ramfunc.o
LOAD ./Drivers/STM32F4xx_HAL_Driver/Src/stm32f4xx_hal_gpio.o
LOAD ./Drivers/STM32F4xx_HAL_Driver/Src/stm32f4xx_hal_i2c.o
LOAD ./Drivers/STM32F4xx_HAL_Driver/Src/stm32f4xx_hal_i2c_ex.o
LOAD ./Drivers/STM32F4xx_HAL_Driver/Src/stm32f4xx_hal_pwr.o
LOAD ./Drivers/STM32F4xx_HAL_Driver/Src/stm32f4xx_hal_pwr_ex.o
LOAD ./Drivers/STM32F4xx_HAL_Driver/Src/stm32f4xx_hal_rcc.o
LOAD ./Drivers/STM32F4xx_HAL_Driver/Src/stm32f4xx_hal_rcc_ex.o
LOAD ./Drivers/STM32F4xx_HAL_Driver/Src/stm32f4xx_hal_tim.o
LOAD ./Drivers/STM32F4xx_HAL_Driver/Src/stm32f4xx_hal_tim_ex.o
LOAD ./Drivers/STM32F4xx_HAL_Driver/Src/stm32f4xx_hal_uart.o
START GROUP
LOAD d:/stm32 cube ide/stm32cubeide_1.6.1/stm32cubeide/plugins/com.st.stm32cube.ide.mcu.externaltools.gnu-tools-for-stm32.9-2020-q2-update.win32_2.0.0.202105311346/tools/bin/../lib/gcc/arm-none-eabi/9.3.1/../../../../arm-none-eabi/lib/thumb/v7e-m+fp/hard\libc_nano.a
LOAD d:/stm32 cube ide/stm32cubeide_1.6.1/stm32cubeide/plugins/com.st.stm32cube.ide.mcu.externaltools.gnu-tools-for-stm32.9-2020-q2-update.win32_2.0.0.202105311346/tools/bin/../lib/gcc/arm-none-eabi/9.3.1/../../../../arm-none-eabi/lib/thumb/v7e-m+fp/hard\libm.a
END GROUP
START GROUP
LOAD d:/stm32 cube ide/stm32cubeide_1.6.1/stm32cubeide/plugins/com.st.stm32cube.ide.mcu.externaltools.gnu-tools-for-stm32.9-2020-q2-update.win32_2.0.0.202105311346/tools/bin/../lib/gcc/arm-none-eabi/9.3.1/thumb/v7e-m+fp/hard\libgcc.a
LOAD d:/stm32 cube ide/stm32cubeide_1.6.1/stm32cubeide/plugins/com.st.stm32cube.ide.mcu.externaltools.gnu-tools-for-stm32.9-2020-q2-update.win32_2.0.0.202105311346/tools/bin/../lib/gcc/arm-none-eabi/9.3.1/../../../../arm-none-eabi/lib/thumb/v7e-m+fp/hard\libc_nano.a
END GROUP
START GROUP
LOAD d:/stm32 cube ide/stm32cubeide_1.6.1/stm32cubeide/plugins/com.st.stm32cube.ide.mcu.externaltools.gnu-tools-for-stm32.9-2020-q2-update.win32_2.0.0.202105311346/tools/bin/../lib/gcc/arm-none-eabi/9.3.1/thumb/v7e-m+fp/hard\libgcc.a
LOAD d:/stm32 cube ide/stm32cubeide_1.6.1/stm32cubeide/plugins/com.st.stm32cube.ide.mcu.externaltools.gnu-tools-for-stm32.9-2020-q2-update.win32_2.0.0.202105311346/tools/bin/../lib/gcc/arm-none-eabi/9.3.1/../../../../arm-none-eabi/lib/thumb/v7e-m+fp/hard\libc_nano.a
LOAD d:/stm32 cube ide/stm32cubeide_1.6.1/stm32cubeide/plugins/com.st.stm32cube.ide.mcu.externaltools.gnu-tools-for-stm32.9-2020-q2-update.win32_2.0.0.202105311346/tools/bin/../lib/gcc/arm-none-eabi/9.3.1/../../../../arm-none-eabi/lib/thumb/v7e-m+fp/hard\libnosys.a
END GROUP
START GROUP
LOAD d:/stm32 cube ide/stm32cubeide_1.6.1/stm32cubeide/plugins/com.st.stm32cube.ide.mcu.externaltools.gnu-tools-for-stm32.9-2020-q2-update.win32_2.0.0.202105311346/tools/bin/../lib/gcc/arm-none-eabi/9.3.1/thumb/v7e-m+fp/hard\libgcc.a
LOAD d:/stm32 cube ide/stm32cubeide_1.6.1/stm32cubeide/plugins/com.st.stm32cube.ide.mcu.externaltools.gnu-tools-for-stm32.9-2020-q2-update.win32_2.0.0.202105311346/tools/bin/../lib/gcc/arm-none-eabi/9.3.1/../../../../arm-none-eabi/lib/thumb/v7e-m+fp/hard\libc_nano.a
LOAD d:/stm32 cube ide/stm32cubeide_1.6.1/stm32cubeide/plugins/com.st.stm32cube.ide.mcu.externaltools.gnu-tools-for-stm32.9-2020-q2-update.win32_2.0.0.202105311346/tools/bin/../lib/gcc/arm-none-eabi/9.3.1/../../../../arm-none-eabi/lib/thumb/v7e-m+fp/hard\libnosys.a
END GROUP
LOAD d:/stm32 cube ide/stm32cubeide_1.6.1/stm32cubeide/plugins/com.st.stm32cube.ide.mcu.externaltools.gnu-tools-for-stm32.9-2020-q2-update.win32_2.0.0.202105311346/tools/bin/../lib/gcc/arm-none-eabi/9.3.1/thumb/v7e-m+fp/hard/crtend.o
LOAD d:/stm32 cube ide/stm32cubeide_1.6.1/stm32cubeide/plugins/com.st.stm32cube.ide.mcu.externaltools.gnu-tools-for-stm32.9-2020-q2-update.win32_2.0.0.202105311346/tools/bin/../lib/gcc/arm-none-eabi/9.3.1/thumb/v7e-m+fp/hard/crtn.o
                0x0000000020020000                _estack = (ORIGIN (RAM) + LENGTH (RAM))
                0x0000000000000200                _Min_Heap_Size = 0x200
                0x0000000000000400                _Min_Stack_Size = 0x400

.isr_vector     0x0000000008000000      0x198
                0x0000000008000000                . = ALIGN (0x4)
 *(.isr_vector)
 .isr_vector    0x0000000008000000      0x198 ./Core/Startup/startup_stm32f411retx.o
                0x0000000008000000                g_pfnVectors
                0x0000000008000198                . = ALIGN (0x4)

.text           0x0000000008000198     0x3738
                0x0000000008000198                . = ALIGN (0x4)
 *(.text)
 .text          0x0000000008000198       0x40 d:/stm32 cube ide/stm32cubeide_1.6.1/stm32cubeide/plugins/com.st.stm32cube.ide.mcu.externaltools.gnu-tools-for-stm32.9-2020-q2-update.win32_2.0.0.202105311346/tools/bin/../lib/gcc/arm-none-eabi/9.3.1/thumb/v7e-m+fp/hard/crtbegin.o
 .text          0x00000000080001d8      0x378 d:/stm32 cube ide/stm32cubeide_1.6.1/stm32cubeide/plugins/com.st.stm32cube.ide.mcu.externaltools.gnu-tools-for-stm32.9-2020-q2-update.win32_2.0.0.202105311346/tools/bin/../lib/gcc/arm-none-eabi/9.3.1/thumb/v7e-m+fp/hard\libgcc.a(_arm_addsubdf3.o)
                0x00000000080001d8                __aeabi_drsub
                0x00000000080001e0                __aeabi_dsub
                0x00000000080001e0                __subdf3
                0x00000000080001e4                __aeabi_dadd
                0x00000000080001e4                __adddf3
                0x000000000800045c                __floatunsidf
                0x000000000800045c                __aeabi_ui2d
                0x000000000800047c                __floatsidf
                0x000000000800047c                __aeabi_i2d
                0x00000000080004a0                __aeabi_f2d
                0x00000000080004a0                __extendsfdf2
                0x00000000080004e4                __floatundidf
                0x00000000080004e4                __aeabi_ul2d
                0x00000000080004f4                __floatdidf
                0x00000000080004f4                __aeabi_l2d
 .text          0x0000000008000550      0x424 d:/stm32 cube ide/stm32cubeide_1.6.1/stm32cubeide/plugins/com.st.stm32cube.ide.mcu.externaltools.gnu-tools-for-stm32.9-2020-q2-update.win32_2.0.0.202105311346/tools/bin/../lib/gcc/arm-none-eabi/9.3.1/thumb/v7e-m+fp/hard\libgcc.a(_arm_muldivdf3.o)
                0x0000000008000550                __aeabi_dmul
                0x0000000008000550                __muldf3
                0x00000000080007a4                __divdf3
                0x00000000080007a4                __aeabi_ddiv
 .text          0x0000000008000974       0x40 d:/stm32 cube ide/stm32cubeide_1.6.1/stm32cubeide/plugins/com.st.stm32cube.ide.mcu.externaltools.gnu-tools-for-stm32.9-2020-q2-update.win32_2.0.0.202105311346/tools/bin/../lib/gcc/arm-none-eabi/9.3.1/thumb/v7e-m+fp/hard\libgcc.a(_arm_fixunsdfsi.o)
                0x0000000008000974                __aeabi_d2uiz
                0x0000000008000974                __fixunsdfsi
 .text          0x00000000080009b4       0x30 d:/stm32 cube ide/stm32cubeide_1.6.1/stm32cubeide/plugins/com.st.stm32cube.ide.mcu.externaltools.gnu-tools-for-stm32.9-2020-q2-update.win32_2.0.0.202105311346/tools/bin/../lib/gcc/arm-none-eabi/9.3.1/thumb/v7e-m+fp/hard\libgcc.a(_aeabi_uldivmod.o)
                0x00000000080009b4                __aeabi_uldivmod
 .text          0x00000000080009e4      0x2c4 d:/stm32 cube ide/stm32cubeide_1.6.1/stm32cubeide/plugins/com.st.stm32cube.ide.mcu.externaltools.gnu-tools-for-stm32.9-2020-q2-update.win32_2.0.0.202105311346/tools/bin/../lib/gcc/arm-none-eabi/9.3.1/thumb/v7e-m+fp/hard\libgcc.a(_udivmoddi4.o)
                0x00000000080009e4                __udivmoddi4
 .text          0x0000000008000ca8        0x4 d:/stm32 cube ide/stm32cubeide_1.6.1/stm32cubeide/plugins/com.st.stm32cube.ide.mcu.externaltools.gnu-tools-for-stm32.9-2020-q2-update.win32_2.0.0.202105311346/tools/bin/../lib/gcc/arm-none-eabi/9.3.1/thumb/v7e-m+fp/hard\libgcc.a(_dvmd_tls.o)
                0x0000000008000ca8                __aeabi_idiv0
                0x0000000008000ca8                __aeabi_ldiv0
 *(.text*)
 .text.gpioConfigurePin
                0x0000000008000cac      0x170 ./Core/Src/GPIO.o
                0x0000000008000cac                gpioConfigurePin
 .text.getI2CFreq
                0x0000000008000e1c       0x16 ./Core/Src/I2C.o
                0x0000000008000e1c                getI2CFreq
 .text.I2C_configure
                0x0000000008000e32       0x7a ./Core/Src/I2C.o
                0x0000000008000e32                I2C_configure
 .text.I2C_SoftwareReset
                0x0000000008000eac       0x38 ./Core/Src/I2C.o
                0x0000000008000eac                I2C_SoftwareReset
 *fill*         0x0000000008000ee4        0x4 
 .text.I2C_set_CCR_and_TRISE
                0x0000000008000ee8      0x1e4 ./Core/Src/I2C.o
                0x0000000008000ee8                I2C_set_CCR_and_TRISE
 .text.I2C_Start
                0x00000000080010cc       0x48 ./Core/Src/I2C.o
                0x00000000080010cc                I2C_Start
 .text._I2C_Write
                0x0000000008001114       0xc4 ./Core/Src/I2C.o
                0x0000000008001114                _I2C_Write
 .text.I2C_Write
                0x00000000080011d8       0x28 ./Core/Src/I2C.o
                0x00000000080011d8                I2C_Write
 .text.I2C_Read
                0x0000000008001200       0xd0 ./Core/Src/I2C.o
                0x0000000008001200                I2C_Read
 .text.rccResetUnresetDevice
                0x00000000080012d0       0x50 ./Core/Src/RCC.o
                0x00000000080012d0                rccResetUnresetDevice
 .text.rccEnableClock
                0x0000000008001320       0x3c ./Core/Src/RCC.o
                0x0000000008001320                rccEnableClock
 .text.rccResetAndUnresetUsart
                0x000000000800135c       0x54 ./Core/Src/RCC.o
                0x000000000800135c                rccResetAndUnresetUsart
 .text.rccResetAndUnresetI2C
                0x00000000080013b0       0x30 ./Core/Src/RCC.o
                0x00000000080013b0                rccResetAndUnresetI2C
 .text.main     0x00000000080013e0       0x80 ./Core/Src/main.o
                0x00000000080013e0                main
 .text.SystemClock_Config
                0x0000000008001460       0xd0 ./Core/Src/main.o
                0x0000000008001460                SystemClock_Config
 .text.MX_I2C1_Init
                0x0000000008001530       0x5c ./Core/Src/main.o
 .text.MX_I2C2_Init
                0x000000000800158c       0x5c ./Core/Src/main.o
 .text.MX_I2C3_Init
                0x00000000080015e8       0x5c ./Core/Src/main.o
 .text.MX_USART1_UART_Init
                0x0000000008001644       0x54 ./Core/Src/main.o
 .text.MX_USART2_UART_Init
                0x0000000008001698       0x54 ./Core/Src/main.o
 .text.MX_DMA_Init
                0x00000000080016ec       0x40 ./Core/Src/main.o
 .text.MX_GPIO_Init
                0x000000000800172c       0xe0 ./Core/Src/main.o
 .text.I2C_Read_And_Write
                0x000000000800180c       0x3c ./Core/Src/main.o
                0x000000000800180c                I2C_Read_And_Write
 .text.Error_Handler
                0x0000000008001848        0xa ./Core/Src/main.o
                0x0000000008001848                Error_Handler
 *fill*         0x0000000008001852        0x2 
 .text.HAL_MspInit
                0x0000000008001854       0x50 ./Core/Src/stm32f4xx_hal_msp.o
                0x0000000008001854                HAL_MspInit
 .text.HAL_I2C_MspInit
                0x00000000080018a4      0x1cc ./Core/Src/stm32f4xx_hal_msp.o
                0x00000000080018a4                HAL_I2C_MspInit
 .text.HAL_UART_MspInit
                0x0000000008001a70      0x15c ./Core/Src/stm32f4xx_hal_msp.o
                0x0000000008001a70                HAL_UART_MspInit
 .text.NMI_Handler
                0x0000000008001bcc        0x6 ./Core/Src/stm32f4xx_it.o
                0x0000000008001bcc                NMI_Handler
 .text.HardFault_Handler
                0x0000000008001bd2        0x6 ./Core/Src/stm32f4xx_it.o
                0x0000000008001bd2                HardFault_Handler
 .text.MemManage_Handler
                0x0000000008001bd8        0x6 ./Core/Src/stm32f4xx_it.o
                0x0000000008001bd8                MemManage_Handler
 .text.BusFault_Handler
                0x0000000008001bde        0x6 ./Core/Src/stm32f4xx_it.o
                0x0000000008001bde                BusFault_Handler
 .text.UsageFault_Handler
                0x0000000008001be4        0x6 ./Core/Src/stm32f4xx_it.o
                0x0000000008001be4                UsageFault_Handler
 .text.SVC_Handler
                0x0000000008001bea        0xe ./Core/Src/stm32f4xx_it.o
                0x0000000008001bea                SVC_Handler
 .text.DebugMon_Handler
                0x0000000008001bf8        0xe ./Core/Src/stm32f4xx_it.o
                0x0000000008001bf8                DebugMon_Handler
 .text.PendSV_Handler
                0x0000000008001c06        0xe ./Core/Src/stm32f4xx_it.o
                0x0000000008001c06                PendSV_Handler
 .text.SysTick_Handler
                0x0000000008001c14        0xc ./Core/Src/stm32f4xx_it.o
                0x0000000008001c14                SysTick_Handler
 .text.DMA1_Stream5_IRQHandler
                0x0000000008001c20       0x14 ./Core/Src/stm32f4xx_it.o
                0x0000000008001c20                DMA1_Stream5_IRQHandler
 .text.SystemInit
                0x0000000008001c34       0x24 ./Core/Src/system_stm32f4xx.o
                0x0000000008001c34                SystemInit
 .text.Reset_Handler
                0x0000000008001c58       0x50 ./Core/Startup/startup_stm32f411retx.o
                0x0000000008001c58                Reset_Handler
 .text.Default_Handler
                0x0000000008001ca8        0x2 ./Core/Startup/startup_stm32f411retx.o
                0x0000000008001ca8                RTC_Alarm_IRQHandler
                0x0000000008001ca8                EXTI2_IRQHandler
                0x0000000008001ca8                SPI4_IRQHandler
                0x0000000008001ca8                TIM1_CC_IRQHandler
                0x0000000008001ca8                DMA2_Stream5_IRQHandler
                0x0000000008001ca8                PVD_IRQHandler
                0x0000000008001ca8                SDIO_IRQHandler
                0x0000000008001ca8                TAMP_STAMP_IRQHandler
                0x0000000008001ca8                EXTI3_IRQHandler
                0x0000000008001ca8                TIM1_UP_TIM10_IRQHandler
                0x0000000008001ca8                I2C3_ER_IRQHandler
                0x0000000008001ca8                EXTI0_IRQHandler
                0x0000000008001ca8                I2C2_EV_IRQHandler
                0x0000000008001ca8                DMA1_Stream2_IRQHandler
                0x0000000008001ca8                FPU_IRQHandler
                0x0000000008001ca8                DMA2_Stream2_IRQHandler
                0x0000000008001ca8                SPI1_IRQHandler
                0x0000000008001ca8                TIM1_BRK_TIM9_IRQHandler
                0x0000000008001ca8                DMA2_Stream3_IRQHandler
                0x0000000008001ca8                USART6_IRQHandler
                0x0000000008001ca8                DMA2_Stream0_IRQHandler
                0x0000000008001ca8                TIM4_IRQHandler
                0x0000000008001ca8                I2C1_EV_IRQHandler
                0x0000000008001ca8                DMA1_Stream6_IRQHandler
                0x0000000008001ca8                DMA1_Stream1_IRQHandler
                0x0000000008001ca8                TIM3_IRQHandler
                0x0000000008001ca8                RCC_IRQHandler
                0x0000000008001ca8                Default_Handler
                0x0000000008001ca8                EXTI15_10_IRQHandler
                0x0000000008001ca8                ADC_IRQHandler
                0x0000000008001ca8                DMA1_Stream7_IRQHandler
                0x0000000008001ca8                SPI5_IRQHandler
                0x0000000008001ca8                TIM5_IRQHandler
                0x0000000008001ca8                DMA2_Stream7_IRQHandler
                0x0000000008001ca8                I2C3_EV_IRQHandler
                0x0000000008001ca8                EXTI9_5_IRQHandler
                0x0000000008001ca8                RTC_WKUP_IRQHandler
                0x0000000008001ca8                SPI2_IRQHandler
                0x0000000008001ca8                DMA1_Stream0_IRQHandler
                0x0000000008001ca8                EXTI4_IRQHandler
                0x0000000008001ca8                WWDG_IRQHandler
                0x0000000008001ca8                TIM2_IRQHandler
                0x0000000008001ca8                OTG_FS_WKUP_IRQHandler
                0x0000000008001ca8                TIM1_TRG_COM_TIM11_IRQHandler
                0x0000000008001ca8                EXTI1_IRQHandler
                0x0000000008001ca8                USART2_IRQHandler
                0x0000000008001ca8                I2C2_ER_IRQHandler
                0x0000000008001ca8                DMA2_Stream1_IRQHandler
                0x0000000008001ca8                FLASH_IRQHandler
                0x0000000008001ca8                DMA2_Stream4_IRQHandler
                0x0000000008001ca8                USART1_IRQHandler
                0x0000000008001ca8                OTG_FS_IRQHandler
                0x0000000008001ca8                SPI3_IRQHandler
                0x0000000008001ca8                DMA1_Stream4_IRQHandler
                0x0000000008001ca8                I2C1_ER_IRQHandler
                0x0000000008001ca8                DMA2_Stream6_IRQHandler
                0x0000000008001ca8                DMA1_Stream3_IRQHandler
 *fill*         0x0000000008001caa        0x2 
 .text.HAL_Init
                0x0000000008001cac       0x44 ./Drivers/STM32F4xx_HAL_Driver/Src/stm32f4xx_hal.o
                0x0000000008001cac                HAL_Init
 .text.HAL_InitTick
                0x0000000008001cf0       0x60 ./Drivers/STM32F4xx_HAL_Driver/Src/stm32f4xx_hal.o
                0x0000000008001cf0                HAL_InitTick
 .text.HAL_IncTick
                0x0000000008001d50       0x28 ./Drivers/STM32F4xx_HAL_Driver/Src/stm32f4xx_hal.o
                0x0000000008001d50                HAL_IncTick
 .text.HAL_GetTick
                0x0000000008001d78       0x18 ./Drivers/STM32F4xx_HAL_Driver/Src/stm32f4xx_hal.o
                0x0000000008001d78                HAL_GetTick
 .text.__NVIC_SetPriorityGrouping
                0x0000000008001d90       0x48 ./Drivers/STM32F4xx_HAL_Driver/Src/stm32f4xx_hal_cortex.o
 .text.__NVIC_GetPriorityGrouping
                0x0000000008001dd8       0x1c ./Drivers/STM32F4xx_HAL_Driver/Src/stm32f4xx_hal_cortex.o
 .text.__NVIC_EnableIRQ
                0x0000000008001df4       0x3c ./Drivers/STM32F4xx_HAL_Driver/Src/stm32f4xx_hal_cortex.o
 .text.__NVIC_SetPriority
                0x0000000008001e30       0x54 ./Drivers/STM32F4xx_HAL_Driver/Src/stm32f4xx_hal_cortex.o
 .text.NVIC_EncodePriority
                0x0000000008001e84       0x66 ./Drivers/STM32F4xx_HAL_Driver/Src/stm32f4xx_hal_cortex.o
 *fill*         0x0000000008001eea        0x2 
 .text.SysTick_Config
                0x0000000008001eec       0x44 ./Drivers/STM32F4xx_HAL_Driver/Src/stm32f4xx_hal_cortex.o
 .text.HAL_NVIC_SetPriorityGrouping
                0x0000000008001f30       0x16 ./Drivers/STM32F4xx_HAL_Driver/Src/stm32f4xx_hal_cortex.o
                0x0000000008001f30                HAL_NVIC_SetPriorityGrouping
 .text.HAL_NVIC_SetPriority
                0x0000000008001f46       0x38 ./Drivers/STM32F4xx_HAL_Driver/Src/stm32f4xx_hal_cortex.o
                0x0000000008001f46                HAL_NVIC_SetPriority
 .text.HAL_NVIC_EnableIRQ
                0x0000000008001f7e       0x1c ./Drivers/STM32F4xx_HAL_Driver/Src/stm32f4xx_hal_cortex.o
                0x0000000008001f7e                HAL_NVIC_EnableIRQ
 .text.HAL_SYSTICK_Config
                0x0000000008001f9a       0x18 ./Drivers/STM32F4xx_HAL_Driver/Src/stm32f4xx_hal_cortex.o
                0x0000000008001f9a                HAL_SYSTICK_Config
 *fill*         0x0000000008001fb2        0x2 
 .text.HAL_DMA_Init
                0x0000000008001fb4      0x15c ./Drivers/STM32F4xx_HAL_Driver/Src/stm32f4xx_hal_dma.o
                0x0000000008001fb4                HAL_DMA_Init
 .text.HAL_DMA_IRQHandler
                0x0000000008002110      0x314 ./Drivers/STM32F4xx_HAL_Driver/Src/stm32f4xx_hal_dma.o
                0x0000000008002110                HAL_DMA_IRQHandler
 .text.DMA_CalcBaseAndBitshift
                0x0000000008002424       0x6c ./Drivers/STM32F4xx_HAL_Driver/Src/stm32f4xx_hal_dma.o
 .text.DMA_CheckFifoParam
                0x0000000008002490       0xf8 ./Drivers/STM32F4xx_HAL_Driver/Src/stm32f4xx_hal_dma.o
 .text.HAL_GPIO_Init
                0x0000000008002588      0x308 ./Drivers/STM32F4xx_HAL_Driver/Src/stm32f4xx_hal_gpio.o
                0x0000000008002588                HAL_GPIO_Init
 .text.HAL_GPIO_WritePin
                0x0000000008002890       0x32 ./Drivers/STM32F4xx_HAL_Driver/Src/stm32f4xx_hal_gpio.o
                0x0000000008002890                HAL_GPIO_WritePin
 *fill*         0x00000000080028c2        0x2 
 .text.HAL_I2C_Init
                0x00000000080028c4      0x288 ./Drivers/STM32F4xx_HAL_Driver/Src/stm32f4xx_hal_i2c.o
                0x00000000080028c4                HAL_I2C_Init
 .text.HAL_RCC_OscConfig
                0x0000000008002b4c      0x4f0 ./Drivers/STM32F4xx_HAL_Driver/Src/stm32f4xx_hal_rcc.o
                0x0000000008002b4c                HAL_RCC_OscConfig
 .text.HAL_RCC_ClockConfig
                0x000000000800303c      0x1cc ./Drivers/STM32F4xx_HAL_Driver/Src/stm32f4xx_hal_rcc.o
                0x000000000800303c                HAL_RCC_ClockConfig
 .text.HAL_RCC_GetSysClockFreq
                0x0000000008003208      0x1c4 ./Drivers/STM32F4xx_HAL_Driver/Src/stm32f4xx_hal_rcc.o
                0x0000000008003208                HAL_RCC_GetSysClockFreq
 .text.HAL_RCC_GetHCLKFreq
                0x00000000080033cc       0x18 ./Drivers/STM32F4xx_HAL_Driver/Src/stm32f4xx_hal_rcc.o
                0x00000000080033cc                HAL_RCC_GetHCLKFreq
 .text.HAL_RCC_GetPCLK1Freq
                0x00000000080033e4       0x28 ./Drivers/STM32F4xx_HAL_Driver/Src/stm32f4xx_hal_rcc.o
                0x00000000080033e4                HAL_RCC_GetPCLK1Freq
 .text.HAL_RCC_GetPCLK2Freq
                0x000000000800340c       0x28 ./Drivers/STM32F4xx_HAL_Driver/Src/stm32f4xx_hal_rcc.o
                0x000000000800340c                HAL_RCC_GetPCLK2Freq
 .text.HAL_UART_Init
                0x0000000008003434       0x9a ./Drivers/STM32F4xx_HAL_Driver/Src/stm32f4xx_hal_uart.o
                0x0000000008003434                HAL_UART_Init
 *fill*         0x00000000080034ce        0x2 
 .text.UART_SetConfig
                0x00000000080034d0      0x390 ./Drivers/STM32F4xx_HAL_Driver/Src/stm32f4xx_hal_uart.o
 .text.__libc_init_array
                0x0000000008003860       0x48 d:/stm32 cube ide/stm32cubeide_1.6.1/stm32cubeide/plugins/com.st.stm32cube.ide.mcu.externaltools.gnu-tools-for-stm32.9-2020-q2-update.win32_2.0.0.202105311346/tools/bin/../lib/gcc/arm-none-eabi/9.3.1/../../../../arm-none-eabi/lib/thumb/v7e-m+fp/hard\libc_nano.a(lib_a-init.o)
                0x0000000008003860                __libc_init_array
 .text.memset   0x00000000080038a8       0x10 d:/stm32 cube ide/stm32cubeide_1.6.1/stm32cubeide/plugins/com.st.stm32cube.ide.mcu.externaltools.gnu-tools-for-stm32.9-2020-q2-update.win32_2.0.0.202105311346/tools/bin/../lib/gcc/arm-none-eabi/9.3.1/../../../../arm-none-eabi/lib/thumb/v7e-m+fp/hard\libc_nano.a(lib_a-memset.o)
                0x00000000080038a8                memset
 *(.glue_7)
 .glue_7        0x00000000080038b8        0x0 linker stubs
 *(.glue_7t)
 .glue_7t       0x00000000080038b8        0x0 linker stubs
 *(.eh_frame)
 .eh_frame      0x00000000080038b8        0x0 d:/stm32 cube ide/stm32cubeide_1.6.1/stm32cubeide/plugins/com.st.stm32cube.ide.mcu.externaltools.gnu-tools-for-stm32.9-2020-q2-update.win32_2.0.0.202105311346/tools/bin/../lib/gcc/arm-none-eabi/9.3.1/thumb/v7e-m+fp/hard/crtbegin.o
 *(.init)
 .init          0x00000000080038b8        0x4 d:/stm32 cube ide/stm32cubeide_1.6.1/stm32cubeide/plugins/com.st.stm32cube.ide.mcu.externaltools.gnu-tools-for-stm32.9-2020-q2-update.win32_2.0.0.202105311346/tools/bin/../lib/gcc/arm-none-eabi/9.3.1/thumb/v7e-m+fp/hard/crti.o
                0x00000000080038b8                _init
 .init          0x00000000080038bc        0x8 d:/stm32 cube ide/stm32cubeide_1.6.1/stm32cubeide/plugins/com.st.stm32cube.ide.mcu.externaltools.gnu-tools-for-stm32.9-2020-q2-update.win32_2.0.0.202105311346/tools/bin/../lib/gcc/arm-none-eabi/9.3.1/thumb/v7e-m+fp/hard/crtn.o
 *(.fini)
 .fini          0x00000000080038c4        0x4 d:/stm32 cube ide/stm32cubeide_1.6.1/stm32cubeide/plugins/com.st.stm32cube.ide.mcu.externaltools.gnu-tools-for-stm32.9-2020-q2-update.win32_2.0.0.202105311346/tools/bin/../lib/gcc/arm-none-eabi/9.3.1/thumb/v7e-m+fp/hard/crti.o
                0x00000000080038c4                _fini
 .fini          0x00000000080038c8        0x8 d:/stm32 cube ide/stm32cubeide_1.6.1/stm32cubeide/plugins/com.st.stm32cube.ide.mcu.externaltools.gnu-tools-for-stm32.9-2020-q2-update.win32_2.0.0.202105311346/tools/bin/../lib/gcc/arm-none-eabi/9.3.1/thumb/v7e-m+fp/hard/crtn.o
                0x00000000080038d0                . = ALIGN (0x4)
                0x00000000080038d0                _etext = .

.vfp11_veneer   0x00000000080038d0        0x0
 .vfp11_veneer  0x00000000080038d0        0x0 linker stubs

.v4_bx          0x00000000080038d0        0x0
 .v4_bx         0x00000000080038d0        0x0 linker stubs

.iplt           0x00000000080038d0        0x0
 .iplt          0x00000000080038d0        0x0 d:/stm32 cube ide/stm32cubeide_1.6.1/stm32cubeide/plugins/com.st.stm32cube.ide.mcu.externaltools.gnu-tools-for-stm32.9-2020-q2-update.win32_2.0.0.202105311346/tools/bin/../lib/gcc/arm-none-eabi/9.3.1/thumb/v7e-m+fp/hard/crtbegin.o

.rodata         0x00000000080038d0       0x40
                0x00000000080038d0                . = ALIGN (0x4)
 *(.rodata)
 .rodata        0x00000000080038d0       0x1f ./Core/Src/main.o
 *(.rodata*)
 *fill*         0x00000000080038ef        0x1 
 .rodata.AHBPrescTable
                0x00000000080038f0       0x10 ./Core/Src/system_stm32f4xx.o
                0x00000000080038f0                AHBPrescTable
 .rodata.APBPrescTable
                0x0000000008003900        0x8 ./Core/Src/system_stm32f4xx.o
                0x0000000008003900                APBPrescTable
 .rodata.flagBitshiftOffset.7875
                0x0000000008003908        0x8 ./Drivers/STM32F4xx_HAL_Driver/Src/stm32f4xx_hal_dma.o
                0x0000000008003910                . = ALIGN (0x4)

.ARM.extab      0x0000000008003910        0x0
                0x0000000008003910                . = ALIGN (0x4)
 *(.ARM.extab* .gnu.linkonce.armextab.*)
                0x0000000008003910                . = ALIGN (0x4)

.ARM            0x0000000008003910        0x8
                0x0000000008003910                . = ALIGN (0x4)
                0x0000000008003910                __exidx_start = .
 *(.ARM.exidx*)
 .ARM.exidx     0x0000000008003910        0x8 d:/stm32 cube ide/stm32cubeide_1.6.1/stm32cubeide/plugins/com.st.stm32cube.ide.mcu.externaltools.gnu-tools-for-stm32.9-2020-q2-update.win32_2.0.0.202105311346/tools/bin/../lib/gcc/arm-none-eabi/9.3.1/thumb/v7e-m+fp/hard\libgcc.a(_udivmoddi4.o)
                0x0000000008003918                __exidx_end = .
                0x0000000008003918                . = ALIGN (0x4)

.rel.dyn        0x0000000008003918        0x0
 .rel.iplt      0x0000000008003918        0x0 d:/stm32 cube ide/stm32cubeide_1.6.1/stm32cubeide/plugins/com.st.stm32cube.ide.mcu.externaltools.gnu-tools-for-stm32.9-2020-q2-update.win32_2.0.0.202105311346/tools/bin/../lib/gcc/arm-none-eabi/9.3.1/thumb/v7e-m+fp/hard/crtbegin.o

.preinit_array  0x0000000008003918        0x0
                0x0000000008003918                . = ALIGN (0x4)
                0x0000000008003918                PROVIDE (__preinit_array_start = .)
 *(.preinit_array*)
                0x0000000008003918                PROVIDE (__preinit_array_end = .)
                0x0000000008003918                . = ALIGN (0x4)

.init_array     0x0000000008003918        0x4
                0x0000000008003918                . = ALIGN (0x4)
                0x0000000008003918                PROVIDE (__init_array_start = .)
 *(SORT_BY_NAME(.init_array.*))
 *(.init_array*)
 .init_array    0x0000000008003918        0x4 d:/stm32 cube ide/stm32cubeide_1.6.1/stm32cubeide/plugins/com.st.stm32cube.ide.mcu.externaltools.gnu-tools-for-stm32.9-2020-q2-update.win32_2.0.0.202105311346/tools/bin/../lib/gcc/arm-none-eabi/9.3.1/thumb/v7e-m+fp/hard/crtbegin.o
                0x000000000800391c                PROVIDE (__init_array_end = .)
                0x000000000800391c                . = ALIGN (0x4)

.fini_array     0x000000000800391c        0x4
                0x000000000800391c                . = ALIGN (0x4)
                [!provide]                        PROVIDE (__fini_array_start = .)
 *(SORT_BY_NAME(.fini_array.*))
 *(.fini_array*)
 .fini_array    0x000000000800391c        0x4 d:/stm32 cube ide/stm32cubeide_1.6.1/stm32cubeide/plugins/com.st.stm32cube.ide.mcu.externaltools.gnu-tools-for-stm32.9-2020-q2-update.win32_2.0.0.202105311346/tools/bin/../lib/gcc/arm-none-eabi/9.3.1/thumb/v7e-m+fp/hard/crtbegin.o
                [!provide]                        PROVIDE (__fini_array_end = .)
                0x0000000008003920                . = ALIGN (0x4)
                0x0000000008003920                _sidata = LOADADDR (.data)

.data           0x0000000020000000        0xc load address 0x0000000008003920
                0x0000000020000000                . = ALIGN (0x4)
                0x0000000020000000                _sdata = .
 *(.data)
 *(.data*)
 .data.SystemCoreClock
                0x0000000020000000        0x4 ./Core/Src/system_stm32f4xx.o
                0x0000000020000000                SystemCoreClock
 .data.uwTickPrio
                0x0000000020000004        0x4 ./Drivers/STM32F4xx_HAL_Driver/Src/stm32f4xx_hal.o
                0x0000000020000004                uwTickPrio
 .data.uwTickFreq
                0x0000000020000008        0x1 ./Drivers/STM32F4xx_HAL_Driver/Src/stm32f4xx_hal.o
                0x0000000020000008                uwTickFreq
 *(.RamFunc)
 *(.RamFunc*)
                0x000000002000000c                . = ALIGN (0x4)
 *fill*         0x0000000020000009        0x3 
                0x000000002000000c                _edata = .

.igot.plt       0x000000002000000c        0x0 load address 0x000000000800392c
 .igot.plt      0x000000002000000c        0x0 d:/stm32 cube ide/stm32cubeide_1.6.1/stm32cubeide/plugins/com.st.stm32cube.ide.mcu.externaltools.gnu-tools-for-stm32.9-2020-q2-update.win32_2.0.0.202105311346/tools/bin/../lib/gcc/arm-none-eabi/9.3.1/thumb/v7e-m+fp/hard/crtbegin.o
                0x000000002000000c                . = ALIGN (0x4)

.bss            0x000000002000000c      0x204 load address 0x000000000800392c
                0x000000002000000c                _sbss = .
                0x000000002000000c                __bss_start__ = _sbss
 *(.bss)
 .bss           0x000000002000000c       0x1c d:/stm32 cube ide/stm32cubeide_1.6.1/stm32cubeide/plugins/com.st.stm32cube.ide.mcu.externaltools.gnu-tools-for-stm32.9-2020-q2-update.win32_2.0.0.202105311346/tools/bin/../lib/gcc/arm-none-eabi/9.3.1/thumb/v7e-m+fp/hard/crtbegin.o
 *(.bss*)
 *(COMMON)
 COMMON         0x0000000020000028      0x1e4 ./Core/Src/main.o
                0x0000000020000028                hdma_usart2_rx
                0x0000000020000088                hi2c3
                0x00000000200000dc                hi2c1
                0x0000000020000130                hi2c2
                0x0000000020000184                huart1
                0x00000000200001c8                huart2
 COMMON         0x000000002000020c        0x4 ./Drivers/STM32F4xx_HAL_Driver/Src/stm32f4xx_hal.o
                0x000000002000020c                uwTick
                0x0000000020000210                . = ALIGN (0x4)
                0x0000000020000210                _ebss = .
                0x0000000020000210                __bss_end__ = _ebss

._user_heap_stack
                0x0000000020000210      0x600 load address 0x000000000800392c
                0x0000000020000210                . = ALIGN (0x8)
                [!provide]                        PROVIDE (end = .)
                0x0000000020000210                PROVIDE (_end = .)
                0x0000000020000410                . = (. + _Min_Heap_Size)
 *fill*         0x0000000020000210      0x200 
                0x0000000020000810                . = (. + _Min_Stack_Size)
 *fill*         0x0000000020000410      0x400 
                0x0000000020000810                . = ALIGN (0x8)

/DISCARD/
 libc.a(*)
 libm.a(*)
 libgcc.a(*)

.ARM.attributes
                0x0000000000000000       0x30
 *(.ARM.attributes)
 .ARM.attributes
                0x0000000000000000       0x1e d:/stm32 cube ide/stm32cubeide_1.6.1/stm32cubeide/plugins/com.st.stm32cube.ide.mcu.externaltools.gnu-tools-for-stm32.9-2020-q2-update.win32_2.0.0.202105311346/tools/bin/../lib/gcc/arm-none-eabi/9.3.1/thumb/v7e-m+fp/hard/crti.o
 .ARM.attributes
                0x000000000000001e       0x34 d:/stm32 cube ide/stm32cubeide_1.6.1/stm32cubeide/plugins/com.st.stm32cube.ide.mcu.externaltools.gnu-tools-for-stm32.9-2020-q2-update.win32_2.0.0.202105311346/tools/bin/../lib/gcc/arm-none-eabi/9.3.1/thumb/v7e-m+fp/hard/crtbegin.o
 .ARM.attributes
                0x0000000000000052       0x34 ./Core/Src/GPIO.o
 .ARM.attributes
                0x0000000000000086       0x34 ./Core/Src/I2C.o
 .ARM.attributes
                0x00000000000000ba       0x34 ./Core/Src/RCC.o
 .ARM.attributes
                0x00000000000000ee       0x34 ./Core/Src/main.o
 .ARM.attributes
                0x0000000000000122       0x34 ./Core/Src/stm32f4xx_hal_msp.o
 .ARM.attributes
                0x0000000000000156       0x34 ./Core/Src/stm32f4xx_it.o
 .ARM.attributes
                0x000000000000018a       0x34 ./Core/Src/system_stm32f4xx.o
 .ARM.attributes
                0x00000000000001be       0x21 ./Core/Startup/startup_stm32f411retx.o
 .ARM.attributes
                0x00000000000001df       0x34 ./Drivers/STM32F4xx_HAL_Driver/Src/stm32f4xx_hal.o
 .ARM.attributes
                0x0000000000000213       0x34 ./Drivers/STM32F4xx_HAL_Driver/Src/stm32f4xx_hal_cortex.o
 .ARM.attributes
                0x0000000000000247       0x34 ./Drivers/STM32F4xx_HAL_Driver/Src/stm32f4xx_hal_dma.o
 .ARM.attributes
                0x000000000000027b       0x34 ./Drivers/STM32F4xx_HAL_Driver/Src/stm32f4xx_hal_gpio.o
 .ARM.attributes
                0x00000000000002af       0x34 ./Drivers/STM32F4xx_HAL_Driver/Src/stm32f4xx_hal_i2c.o
 .ARM.attributes
                0x00000000000002e3       0x34 ./Drivers/STM32F4xx_HAL_Driver/Src/stm32f4xx_hal_rcc.o
 .ARM.attributes
                0x0000000000000317       0x34 ./Drivers/STM32F4xx_HAL_Driver/Src/stm32f4xx_hal_uart.o
 .ARM.attributes
                0x000000000000034b       0x34 d:/stm32 cube ide/stm32cubeide_1.6.1/stm32cubeide/plugins/com.st.stm32cube.ide.mcu.externaltools.gnu-tools-for-stm32.9-2020-q2-update.win32_2.0.0.202105311346/tools/bin/../lib/gcc/arm-none-eabi/9.3.1/../../../../arm-none-eabi/lib/thumb/v7e-m+fp/hard\libc_nano.a(lib_a-init.o)
 .ARM.attributes
                0x000000000000037f       0x34 d:/stm32 cube ide/stm32cubeide_1.6.1/stm32cubeide/plugins/com.st.stm32cube.ide.mcu.externaltools.gnu-tools-for-stm32.9-2020-q2-update.win32_2.0.0.202105311346/tools/bin/../lib/gcc/arm-none-eabi/9.3.1/../../../../arm-none-eabi/lib/thumb/v7e-m+fp/hard\libc_nano.a(lib_a-memset.o)
 .ARM.attributes
                0x00000000000003b3       0x1e d:/stm32 cube ide/stm32cubeide_1.6.1/stm32cubeide/plugins/com.st.stm32cube.ide.mcu.externaltools.gnu-tools-for-stm32.9-2020-q2-update.win32_2.0.0.202105311346/tools/bin/../lib/gcc/arm-none-eabi/9.3.1/thumb/v7e-m+fp/hard\libgcc.a(_arm_addsubdf3.o)
 .ARM.attributes
                0x00000000000003d1       0x1e d:/stm32 cube ide/stm32cubeide_1.6.1/stm32cubeide/plugins/com.st.stm32cube.ide.mcu.externaltools.gnu-tools-for-stm32.9-2020-q2-update.win32_2.0.0.202105311346/tools/bin/../lib/gcc/arm-none-eabi/9.3.1/thumb/v7e-m+fp/hard\libgcc.a(_arm_muldivdf3.o)
 .ARM.attributes
                0x00000000000003ef       0x1e d:/stm32 cube ide/stm32cubeide_1.6.1/stm32cubeide/plugins/com.st.stm32cube.ide.mcu.externaltools.gnu-tools-for-stm32.9-2020-q2-update.win32_2.0.0.202105311346/tools/bin/../lib/gcc/arm-none-eabi/9.3.1/thumb/v7e-m+fp/hard\libgcc.a(_arm_fixunsdfsi.o)
 .ARM.attributes
                0x000000000000040d       0x1e d:/stm32 cube ide/stm32cubeide_1.6.1/stm32cubeide/plugins/com.st.stm32cube.ide.mcu.externaltools.gnu-tools-for-stm32.9-2020-q2-update.win32_2.0.0.202105311346/tools/bin/../lib/gcc/arm-none-eabi/9.3.1/thumb/v7e-m+fp/hard\libgcc.a(_aeabi_uldivmod.o)
 .ARM.attributes
                0x000000000000042b       0x34 d:/stm32 cube ide/stm32cubeide_1.6.1/stm32cubeide/plugins/com.st.stm32cube.ide.mcu.externaltools.gnu-tools-for-stm32.9-2020-q2-update.win32_2.0.0.202105311346/tools/bin/../lib/gcc/arm-none-eabi/9.3.1/thumb/v7e-m+fp/hard\libgcc.a(_udivmoddi4.o)
 .ARM.attributes
                0x000000000000045f       0x1e d:/stm32 cube ide/stm32cubeide_1.6.1/stm32cubeide/plugins/com.st.stm32cube.ide.mcu.externaltools.gnu-tools-for-stm32.9-2020-q2-update.win32_2.0.0.202105311346/tools/bin/../lib/gcc/arm-none-eabi/9.3.1/thumb/v7e-m+fp/hard\libgcc.a(_dvmd_tls.o)
 .ARM.attributes
                0x000000000000047d       0x1e d:/stm32 cube ide/stm32cubeide_1.6.1/stm32cubeide/plugins/com.st.stm32cube.ide.mcu.externaltools.gnu-tools-for-stm32.9-2020-q2-update.win32_2.0.0.202105311346/tools/bin/../lib/gcc/arm-none-eabi/9.3.1/thumb/v7e-m+fp/hard/crtn.o
OUTPUT(Uart_to_I2C_Converter.elf elf32-littlearm)
LOAD linker stubs
LOAD d:/stm32 cube ide/stm32cubeide_1.6.1/stm32cubeide/plugins/com.st.stm32cube.ide.mcu.externaltools.gnu-tools-for-stm32.9-2020-q2-update.win32_2.0.0.202105311346/tools/bin/../lib/gcc/arm-none-eabi/9.3.1/../../../../arm-none-eabi/lib/thumb/v7e-m+fp/hard\libc.a
LOAD d:/stm32 cube ide/stm32cubeide_1.6.1/stm32cubeide/plugins/com.st.stm32cube.ide.mcu.externaltools.gnu-tools-for-stm32.9-2020-q2-update.win32_2.0.0.202105311346/tools/bin/../lib/gcc/arm-none-eabi/9.3.1/../../../../arm-none-eabi/lib/thumb/v7e-m+fp/hard\libm.a
LOAD d:/stm32 cube ide/stm32cubeide_1.6.1/stm32cubeide/plugins/com.st.stm32cube.ide.mcu.externaltools.gnu-tools-for-stm32.9-2020-q2-update.win32_2.0.0.202105311346/tools/bin/../lib/gcc/arm-none-eabi/9.3.1/thumb/v7e-m+fp/hard\libgcc.a

.debug_info     0x0000000000000000     0xb4d5
 .debug_info    0x0000000000000000      0x2ab ./Core/Src/GPIO.o
 .debug_info    0x00000000000002ab      0x5fa ./Core/Src/I2C.o
 .debug_info    0x00000000000008a5      0x3db ./Core/Src/RCC.o
 .debug_info    0x0000000000000c80     0x1f1a ./Core/Src/main.o
 .debug_info    0x0000000000002b9a      0xe70 ./Core/Src/stm32f4xx_hal_msp.o
 .debug_info    0x0000000000003a0a      0x4af ./Core/Src/stm32f4xx_it.o
 .debug_info    0x0000000000003eb9      0x5d0 ./Core/Src/system_stm32f4xx.o
 .debug_info    0x0000000000004489       0x22 ./Core/Startup/startup_stm32f411retx.o
 .debug_info    0x00000000000044ab      0x944 ./Drivers/STM32F4xx_HAL_Driver/Src/stm32f4xx_hal.o
 .debug_info    0x0000000000004def      0xe47 ./Drivers/STM32F4xx_HAL_Driver/Src/stm32f4xx_hal_cortex.o
 .debug_info    0x0000000000005c36      0x9e9 ./Drivers/STM32F4xx_HAL_Driver/Src/stm32f4xx_hal_dma.o
 .debug_info    0x000000000000661f      0x862 ./Drivers/STM32F4xx_HAL_Driver/Src/stm32f4xx_hal_gpio.o
 .debug_info    0x0000000000006e81     0x2639 ./Drivers/STM32F4xx_HAL_Driver/Src/stm32f4xx_hal_i2c.o
 .debug_info    0x00000000000094ba      0x9be ./Drivers/STM32F4xx_HAL_Driver/Src/stm32f4xx_hal_rcc.o
 .debug_info    0x0000000000009e78     0x165d ./Drivers/STM32F4xx_HAL_Driver/Src/stm32f4xx_hal_uart.o

.debug_abbrev   0x0000000000000000     0x1cba
 .debug_abbrev  0x0000000000000000      0x119 ./Core/Src/GPIO.o
 .debug_abbrev  0x0000000000000119      0x19c ./Core/Src/I2C.o
 .debug_abbrev  0x00000000000002b5      0x121 ./Core/Src/RCC.o
 .debug_abbrev  0x00000000000003d6      0x367 ./Core/Src/main.o
 .debug_abbrev  0x000000000000073d      0x1ea ./Core/Src/stm32f4xx_hal_msp.o
 .debug_abbrev  0x0000000000000927      0x134 ./Core/Src/stm32f4xx_it.o
 .debug_abbrev  0x0000000000000a5b      0x145 ./Core/Src/system_stm32f4xx.o
 .debug_abbrev  0x0000000000000ba0       0x12 ./Core/Startup/startup_stm32f411retx.o
 .debug_abbrev  0x0000000000000bb2      0x21e ./Drivers/STM32F4xx_HAL_Driver/Src/stm32f4xx_hal.o
 .debug_abbrev  0x0000000000000dd0      0x33c ./Drivers/STM32F4xx_HAL_Driver/Src/stm32f4xx_hal_cortex.o
 .debug_abbrev  0x000000000000110c      0x219 ./Drivers/STM32F4xx_HAL_Driver/Src/stm32f4xx_hal_dma.o
 .debug_abbrev  0x0000000000001325      0x1f1 ./Drivers/STM32F4xx_HAL_Driver/Src/stm32f4xx_hal_gpio.o
 .debug_abbrev  0x0000000000001516      0x293 ./Drivers/STM32F4xx_HAL_Driver/Src/stm32f4xx_hal_i2c.o
 .debug_abbrev  0x00000000000017a9      0x275 ./Drivers/STM32F4xx_HAL_Driver/Src/stm32f4xx_hal_rcc.o
 .debug_abbrev  0x0000000000001a1e      0x29c ./Drivers/STM32F4xx_HAL_Driver/Src/stm32f4xx_hal_uart.o

.debug_aranges  0x0000000000000000      0xa50
 .debug_aranges
                0x0000000000000000       0x28 ./Core/Src/GPIO.o
 .debug_aranges
                0x0000000000000028       0x58 ./Core/Src/I2C.o
 .debug_aranges
                0x0000000000000080       0x40 ./Core/Src/RCC.o
 .debug_aranges
                0x00000000000000c0       0x80 ./Core/Src/main.o
 .debug_aranges
                0x0000000000000140       0x40 ./Core/Src/stm32f4xx_hal_msp.o
 .debug_aranges
                0x0000000000000180       0x68 ./Core/Src/stm32f4xx_it.o
 .debug_aranges
                0x00000000000001e8       0x28 ./Core/Src/system_stm32f4xx.o
 .debug_aranges
                0x0000000000000210       0x28 ./Core/Startup/startup_stm32f411retx.o
 .debug_aranges
                0x0000000000000238       0xf0 ./Drivers/STM32F4xx_HAL_Driver/Src/stm32f4xx_hal.o
 .debug_aranges
                0x0000000000000328      0x118 ./Drivers/STM32F4xx_HAL_Driver/Src/stm32f4xx_hal_cortex.o
 .debug_aranges
                0x0000000000000440       0x90 ./Drivers/STM32F4xx_HAL_Driver/Src/stm32f4xx_hal_dma.o
 .debug_aranges
                0x00000000000004d0       0x58 ./Drivers/STM32F4xx_HAL_Driver/Src/stm32f4xx_hal_gpio.o
 .debug_aranges
                0x0000000000000528      0x2a0 ./Drivers/STM32F4xx_HAL_Driver/Src/stm32f4xx_hal_i2c.o
 .debug_aranges
                0x00000000000007c8       0x88 ./Drivers/STM32F4xx_HAL_Driver/Src/stm32f4xx_hal_rcc.o
 .debug_aranges
                0x0000000000000850      0x200 ./Drivers/STM32F4xx_HAL_Driver/Src/stm32f4xx_hal_uart.o

.debug_ranges   0x0000000000000000      0x9c0
 .debug_ranges  0x0000000000000000       0x18 ./Core/Src/GPIO.o
 .debug_ranges  0x0000000000000018       0x48 ./Core/Src/I2C.o
 .debug_ranges  0x0000000000000060       0x30 ./Core/Src/RCC.o
 .debug_ranges  0x0000000000000090       0x70 ./Core/Src/main.o
 .debug_ranges  0x0000000000000100       0x30 ./Core/Src/stm32f4xx_hal_msp.o
 .debug_ranges  0x0000000000000130       0x58 ./Core/Src/stm32f4xx_it.o
 .debug_ranges  0x0000000000000188       0x18 ./Core/Src/system_stm32f4xx.o
 .debug_ranges  0x00000000000001a0       0x20 ./Core/Startup/startup_stm32f411retx.o
 .debug_ranges  0x00000000000001c0       0xe0 ./Drivers/STM32F4xx_HAL_Driver/Src/stm32f4xx_hal.o
 .debug_ranges  0x00000000000002a0      0x108 ./Drivers/STM32F4xx_HAL_Driver/Src/stm32f4xx_hal_cortex.o
 .debug_ranges  0x00000000000003a8       0x80 ./Drivers/STM32F4xx_HAL_Driver/Src/stm32f4xx_hal_dma.o
 .debug_ranges  0x0000000000000428       0x48 ./Drivers/STM32F4xx_HAL_Driver/Src/stm32f4xx_hal_gpio.o
 .debug_ranges  0x0000000000000470      0x2b8 ./Drivers/STM32F4xx_HAL_Driver/Src/stm32f4xx_hal_i2c.o
 .debug_ranges  0x0000000000000728       0x78 ./Drivers/STM32F4xx_HAL_Driver/Src/stm32f4xx_hal_rcc.o
 .debug_ranges  0x00000000000007a0      0x220 ./Drivers/STM32F4xx_HAL_Driver/Src/stm32f4xx_hal_uart.o

.debug_macro    0x0000000000000000    0x155ee
 .debug_macro   0x0000000000000000       0x7b ./Core/Src/GPIO.o
 .debug_macro   0x000000000000007b      0xaa8 ./Core/Src/GPIO.o
 .debug_macro   0x0000000000000b23       0x22 ./Core/Src/GPIO.o
 .debug_macro   0x0000000000000b45       0x8e ./Core/Src/GPIO.o
 .debug_macro   0x0000000000000bd3       0x51 ./Core/Src/GPIO.o
 .debug_macro   0x0000000000000c24      0x103 ./Core/Src/GPIO.o
 .debug_macro   0x0000000000000d27       0x6a ./Core/Src/GPIO.o
 .debug_macro   0x0000000000000d91      0x1df ./Core/Src/GPIO.o
 .debug_macro   0x0000000000000f70       0x10 ./Core/Src/GPIO.o
 .debug_macro   0x0000000000000f80       0x6a ./Core/Src/GPIO.o
 .debug_macro   0x0000000000000fea       0x7b ./Core/Src/I2C.o
 .debug_macro   0x0000000000001065       0x2e ./Core/Src/I2C.o
 .debug_macro   0x0000000000001093       0x7b ./Core/Src/RCC.o
 .debug_macro   0x000000000000110e       0x40 ./Core/Src/RCC.o
 .debug_macro   0x000000000000114e      0x2f9 ./Core/Src/main.o
 .debug_macro   0x0000000000001447      0x29b ./Core/Src/main.o
 .debug_macro   0x00000000000016e2       0x2e ./Core/Src/main.o
 .debug_macro   0x0000000000001710       0x28 ./Core/Src/main.o
 .debug_macro   0x0000000000001738       0x1c ./Core/Src/main.o
 .debug_macro   0x0000000000001754       0x22 ./Core/Src/main.o
 .debug_macro   0x0000000000001776       0xdf ./Core/Src/main.o
 .debug_macro   0x0000000000001855     0x102d ./Core/Src/main.o
 .debug_macro   0x0000000000002882      0x11f ./Core/Src/main.o
 .debug_macro   0x00000000000029a1     0xb937 ./Core/Src/main.o
 .debug_macro   0x000000000000e2d8       0x43 ./Core/Src/main.o
 .debug_macro   0x000000000000e31b     0x3659 ./Core/Src/main.o
 .debug_macro   0x0000000000011974       0x5c ./Core/Src/main.o
 .debug_macro   0x00000000000119d0      0x447 ./Core/Src/main.o
 .debug_macro   0x0000000000011e17      0x9fe ./Core/Src/main.o
 .debug_macro   0x0000000000012815      0x117 ./Core/Src/main.o
 .debug_macro   0x000000000001292c      0x11b ./Core/Src/main.o
 .debug_macro   0x0000000000012a47       0x82 ./Core/Src/main.o
 .debug_macro   0x0000000000012ac9      0x15f ./Core/Src/main.o
 .debug_macro   0x0000000000012c28      0x287 ./Core/Src/main.o
 .debug_macro   0x0000000000012eaf       0x5f ./Core/Src/main.o
 .debug_macro   0x0000000000012f0e      0x236 ./Core/Src/main.o
 .debug_macro   0x0000000000013144      0x132 ./Core/Src/main.o
 .debug_macro   0x0000000000013276      0x264 ./Core/Src/main.o
 .debug_macro   0x00000000000134da       0x2e ./Core/Src/main.o
 .debug_macro   0x0000000000013508      0x1b5 ./Core/Src/main.o
 .debug_macro   0x00000000000136bd       0x22 ./Core/Src/main.o
 .debug_macro   0x00000000000136df       0xd6 ./Core/Src/main.o
 .debug_macro   0x00000000000137b5      0x11a ./Core/Src/main.o
 .debug_macro   0x00000000000138cf       0x85 ./Core/Src/main.o
 .debug_macro   0x0000000000013954       0x89 ./Core/Src/main.o
 .debug_macro   0x00000000000139dd      0x295 ./Core/Src/main.o
 .debug_macro   0x0000000000013c72      0x126 ./Core/Src/main.o
 .debug_macro   0x0000000000013d98       0x58 ./Core/Src/main.o
 .debug_macro   0x0000000000013df0       0x52 ./Core/Src/main.o
 .debug_macro   0x0000000000013e42      0x333 ./Core/Src/main.o
 .debug_macro   0x0000000000014175       0x46 ./Core/Src/main.o
 .debug_macro   0x00000000000141bb       0x40 ./Core/Src/main.o
 .debug_macro   0x00000000000141fb       0x34 ./Core/Src/main.o
 .debug_macro   0x000000000001422f       0x16 ./Core/Src/main.o
 .debug_macro   0x0000000000014245       0x16 ./Core/Src/main.o
 .debug_macro   0x000000000001425b       0x35 ./Core/Src/main.o
 .debug_macro   0x0000000000014290       0x20 ./Core/Src/main.o
 .debug_macro   0x00000000000142b0      0x1e2 ./Core/Src/stm32f4xx_hal_msp.o
 .debug_macro   0x0000000000014492      0x1ec ./Core/Src/stm32f4xx_it.o
 .debug_macro   0x000000000001467e      0x1d3 ./Core/Src/system_stm32f4xx.o
 .debug_macro   0x0000000000014851      0x233 ./Drivers/STM32F4xx_HAL_Driver/Src/stm32f4xx_hal.o
 .debug_macro   0x0000000000014a84      0x1d3 ./Drivers/STM32F4xx_HAL_Driver/Src/stm32f4xx_hal_cortex.o
 .debug_macro   0x0000000000014c57      0x1d9 ./Drivers/STM32F4xx_HAL_Driver/Src/stm32f4xx_hal_dma.o
 .debug_macro   0x0000000000014e30      0x1d9 ./Drivers/STM32F4xx_HAL_Driver/Src/stm32f4xx_hal_gpio.o
 .debug_macro   0x0000000000015009      0x21a ./Drivers/STM32F4xx_HAL_Driver/Src/stm32f4xx_hal_i2c.o
 .debug_macro   0x0000000000015223      0x1f7 ./Drivers/STM32F4xx_HAL_Driver/Src/stm32f4xx_hal_rcc.o
 .debug_macro   0x000000000001541a      0x1d4 ./Drivers/STM32F4xx_HAL_Driver/Src/stm32f4xx_hal_uart.o

.debug_line     0x0000000000000000     0xc4e5
 .debug_line    0x0000000000000000      0x490 ./Core/Src/GPIO.o
 .debug_line    0x0000000000000490      0x67d ./Core/Src/I2C.o
 .debug_line    0x0000000000000b0d      0x468 ./Core/Src/RCC.o
 .debug_line    0x0000000000000f75      0xafc ./Core/Src/main.o
 .debug_line    0x0000000000001a71      0x874 ./Core/Src/stm32f4xx_hal_msp.o
 .debug_line    0x00000000000022e5      0x7d1 ./Core/Src/stm32f4xx_it.o
 .debug_line    0x0000000000002ab6      0x778 ./Core/Src/system_stm32f4xx.o
 .debug_line    0x000000000000322e       0x88 ./Core/Startup/startup_stm32f411retx.o
 .debug_line    0x00000000000032b6      0x9de ./Drivers/STM32F4xx_HAL_Driver/Src/stm32f4xx_hal.o
 .debug_line    0x0000000000003c94      0xc8d ./Drivers/STM32F4xx_HAL_Driver/Src/stm32f4xx_hal_cortex.o
 .debug_line    0x0000000000004921      0xf47 ./Drivers/STM32F4xx_HAL_Driver/Src/stm32f4xx_hal_dma.o
 .debug_line    0x0000000000005868      0xb1a ./Drivers/STM32F4xx_HAL_Driver/Src/stm32f4xx_hal_gpio.o
 .debug_line    0x0000000000006382     0x3965 ./Drivers/STM32F4xx_HAL_Driver/Src/stm32f4xx_hal_i2c.o
 .debug_line    0x0000000000009ce7      0xd5a ./Drivers/STM32F4xx_HAL_Driver/Src/stm32f4xx_hal_rcc.o
 .debug_line    0x000000000000aa41     0x1aa4 ./Drivers/STM32F4xx_HAL_Driver/Src/stm32f4xx_hal_uart.o

.debug_str      0x0000000000000000    0x88477
 .debug_str     0x0000000000000000     0x3ed3 ./Core/Src/GPIO.o
                                       0x4040 (size before relaxing)
 .debug_str     0x0000000000003ed3      0x6e7 ./Core/Src/I2C.o
                                       0x4434 (size before relaxing)
 .debug_str     0x00000000000045ba      0x359 ./Core/Src/RCC.o
                                       0x4066 (size before relaxing)
 .debug_str     0x0000000000004913    0x818ba ./Core/Src/main.o
                                      0x86191 (size before relaxing)
 .debug_str     0x00000000000861cd       0x7d ./Core/Src/stm32f4xx_hal_msp.o
                                      0x8176f (size before relaxing)
 .debug_str     0x000000000008624a       0xd5 ./Core/Src/stm32f4xx_it.o
                                      0x811c5 (size before relaxing)
 .debug_str     0x000000000008631f       0xaf ./Core/Src/system_stm32f4xx.o
                                      0x80f22 (size before relaxing)
 .debug_str     0x00000000000863ce       0x36 ./Core/Startup/startup_stm32f411retx.o
                                         0x81 (size before relaxing)
 .debug_str     0x0000000000086404      0x58d ./Drivers/STM32F4xx_HAL_Driver/Src/stm32f4xx_hal.o
                                      0x818ac (size before relaxing)
 .debug_str     0x0000000000086991      0x399 ./Drivers/STM32F4xx_HAL_Driver/Src/stm32f4xx_hal_cortex.o
                                      0x81689 (size before relaxing)
 .debug_str     0x0000000000086d2a      0x318 ./Drivers/STM32F4xx_HAL_Driver/Src/stm32f4xx_hal_dma.o
                                      0x8133a (size before relaxing)
 .debug_str     0x0000000000087042      0x15a ./Drivers/STM32F4xx_HAL_Driver/Src/stm32f4xx_hal_gpio.o
                                      0x810c9 (size before relaxing)
 .debug_str     0x000000000008719c      0xabe ./Drivers/STM32F4xx_HAL_Driver/Src/stm32f4xx_hal_i2c.o
                                      0x81e97 (size before relaxing)
 .debug_str     0x0000000000087c5a      0x239 ./Drivers/STM32F4xx_HAL_Driver/Src/stm32f4xx_hal_rcc.o
                                      0x81324 (size before relaxing)
 .debug_str     0x0000000000087e93      0x5e4 ./Drivers/STM32F4xx_HAL_Driver/Src/stm32f4xx_hal_uart.o
                                      0x81874 (size before relaxing)

.comment        0x0000000000000000       0x53
 .comment       0x0000000000000000       0x53 ./Core/Src/GPIO.o
                                         0x54 (size before relaxing)
 .comment       0x0000000000000053       0x54 ./Core/Src/I2C.o
 .comment       0x0000000000000053       0x54 ./Core/Src/RCC.o
 .comment       0x0000000000000053       0x54 ./Core/Src/main.o
 .comment       0x0000000000000053       0x54 ./Core/Src/stm32f4xx_hal_msp.o
 .comment       0x0000000000000053       0x54 ./Core/Src/stm32f4xx_it.o
 .comment       0x0000000000000053       0x54 ./Core/Src/system_stm32f4xx.o
 .comment       0x0000000000000053       0x54 ./Drivers/STM32F4xx_HAL_Driver/Src/stm32f4xx_hal.o
 .comment       0x0000000000000053       0x54 ./Drivers/STM32F4xx_HAL_Driver/Src/stm32f4xx_hal_cortex.o
 .comment       0x0000000000000053       0x54 ./Drivers/STM32F4xx_HAL_Driver/Src/stm32f4xx_hal_dma.o
 .comment       0x0000000000000053       0x54 ./Drivers/STM32F4xx_HAL_Driver/Src/stm32f4xx_hal_gpio.o
 .comment       0x0000000000000053       0x54 ./Drivers/STM32F4xx_HAL_Driver/Src/stm32f4xx_hal_i2c.o
 .comment       0x0000000000000053       0x54 ./Drivers/STM32F4xx_HAL_Driver/Src/stm32f4xx_hal_rcc.o
 .comment       0x0000000000000053       0x54 ./Drivers/STM32F4xx_HAL_Driver/Src/stm32f4xx_hal_uart.o

.debug_frame    0x0000000000000000     0x2b30
 .debug_frame   0x0000000000000000       0x60 ./Core/Src/GPIO.o
 .debug_frame   0x0000000000000060      0x144 ./Core/Src/I2C.o
 .debug_frame   0x00000000000001a4       0xcc ./Core/Src/RCC.o
 .debug_frame   0x0000000000000270      0x1a0 ./Core/Src/main.o
 .debug_frame   0x0000000000000410       0xc4 ./Core/Src/stm32f4xx_hal_msp.o
 .debug_frame   0x00000000000004d4      0x120 ./Core/Src/stm32f4xx_it.o
 .debug_frame   0x00000000000005f4       0x58 ./Core/Src/system_stm32f4xx.o
 .debug_frame   0x000000000000064c      0x374 ./Drivers/STM32F4xx_HAL_Driver/Src/stm32f4xx_hal.o
 .debug_frame   0x00000000000009c0      0x498 ./Drivers/STM32F4xx_HAL_Driver/Src/stm32f4xx_hal_cortex.o
 .debug_frame   0x0000000000000e58      0x250 ./Drivers/STM32F4xx_HAL_Driver/Src/stm32f4xx_hal_dma.o
 .debug_frame   0x00000000000010a8      0x14c ./Drivers/STM32F4xx_HAL_Driver/Src/stm32f4xx_hal_gpio.o
 .debug_frame   0x00000000000011f4      0xc5c ./Drivers/STM32F4xx_HAL_Driver/Src/stm32f4xx_hal_i2c.o
 .debug_frame   0x0000000000001e50      0x1f0 ./Drivers/STM32F4xx_HAL_Driver/Src/stm32f4xx_hal_rcc.o
 .debug_frame   0x0000000000002040      0x924 ./Drivers/STM32F4xx_HAL_Driver/Src/stm32f4xx_hal_uart.o
 .debug_frame   0x0000000000002964       0x2c d:/stm32 cube ide/stm32cubeide_1.6.1/stm32cubeide/plugins/com.st.stm32cube.ide.mcu.externaltools.gnu-tools-for-stm32.9-2020-q2-update.win32_2.0.0.202105311346/tools/bin/../lib/gcc/arm-none-eabi/9.3.1/../../../../arm-none-eabi/lib/thumb/v7e-m+fp/hard\libc_nano.a(lib_a-init.o)
 .debug_frame   0x0000000000002990       0x20 d:/stm32 cube ide/stm32cubeide_1.6.1/stm32cubeide/plugins/com.st.stm32cube.ide.mcu.externaltools.gnu-tools-for-stm32.9-2020-q2-update.win32_2.0.0.202105311346/tools/bin/../lib/gcc/arm-none-eabi/9.3.1/../../../../arm-none-eabi/lib/thumb/v7e-m+fp/hard\libc_nano.a(lib_a-memset.o)
 .debug_frame   0x00000000000029b0       0xac d:/stm32 cube ide/stm32cubeide_1.6.1/stm32cubeide/plugins/com.st.stm32cube.ide.mcu.externaltools.gnu-tools-for-stm32.9-2020-q2-update.win32_2.0.0.202105311346/tools/bin/../lib/gcc/arm-none-eabi/9.3.1/thumb/v7e-m+fp/hard\libgcc.a(_arm_addsubdf3.o)
 .debug_frame   0x0000000000002a5c       0x50 d:/stm32 cube ide/stm32cubeide_1.6.1/stm32cubeide/plugins/com.st.stm32cube.ide.mcu.externaltools.gnu-tools-for-stm32.9-2020-q2-update.win32_2.0.0.202105311346/tools/bin/../lib/gcc/arm-none-eabi/9.3.1/thumb/v7e-m+fp/hard\libgcc.a(_arm_muldivdf3.o)
 .debug_frame   0x0000000000002aac       0x24 d:/stm32 cube ide/stm32cubeide_1.6.1/stm32cubeide/plugins/com.st.stm32cube.ide.mcu.externaltools.gnu-tools-for-stm32.9-2020-q2-update.win32_2.0.0.202105311346/tools/bin/../lib/gcc/arm-none-eabi/9.3.1/thumb/v7e-m+fp/hard\libgcc.a(_arm_fixunsdfsi.o)
 .debug_frame   0x0000000000002ad0       0x2c d:/stm32 cube ide/stm32cubeide_1.6.1/stm32cubeide/plugins/com.st.stm32cube.ide.mcu.externaltools.gnu-tools-for-stm32.9-2020-q2-update.win32_2.0.0.202105311346/tools/bin/../lib/gcc/arm-none-eabi/9.3.1/thumb/v7e-m+fp/hard\libgcc.a(_aeabi_uldivmod.o)
 .debug_frame   0x0000000000002afc       0x34 d:/stm32 cube ide/stm32cubeide_1.6.1/stm32cubeide/plugins/com.st.stm32cube.ide.mcu.externaltools.gnu-tools-for-stm32.9-2020-q2-update.win32_2.0.0.202105311346/tools/bin/../lib/gcc/arm-none-eabi/9.3.1/thumb/v7e-m+fp/hard\libgcc.a(_udivmoddi4.o)
