Archive member included to satisfy reference by file (symbol)

d:/stm32 cube ide/stm32cubeide_1.6.1/stm32cubeide/plugins/com.st.stm32cube.ide.mcu.externaltools.gnu-tools-for-stm32.9-2020-q2-update.win32_2.0.0.202105311346/tools/bin/../lib/gcc/arm-none-eabi/9.3.1/../../../../arm-none-eabi/lib/thumb/v7e-m+fp/hard\libc_nano.a(lib_a-errno.o)
                              ./Core/Src/syscalls.o (__errno)
d:/stm32 cube ide/stm32cubeide_1.6.1/stm32cubeide/plugins/com.st.stm32cube.ide.mcu.externaltools.gnu-tools-for-stm32.9-2020-q2-update.win32_2.0.0.202105311346/tools/bin/../lib/gcc/arm-none-eabi/9.3.1/../../../../arm-none-eabi/lib/thumb/v7e-m+fp/hard\libc_nano.a(lib_a-exit.o)
                              d:/stm32 cube ide/stm32cubeide_1.6.1/stm32cubeide/plugins/com.st.stm32cube.ide.mcu.externaltools.gnu-tools-for-stm32.9-2020-q2-update.win32_2.0.0.202105311346/tools/bin/../lib/gcc/arm-none-eabi/9.3.1/../../../../arm-none-eabi/lib/thumb/v7e-m+fp/hard/crt0.o (exit)
d:/stm32 cube ide/stm32cubeide_1.6.1/stm32cubeide/plugins/com.st.stm32cube.ide.mcu.externaltools.gnu-tools-for-stm32.9-2020-q2-update.win32_2.0.0.202105311346/tools/bin/../lib/gcc/arm-none-eabi/9.3.1/../../../../arm-none-eabi/lib/thumb/v7e-m+fp/hard\libc_nano.a(lib_a-impure.o)
                              d:/stm32 cube ide/stm32cubeide_1.6.1/stm32cubeide/plugins/com.st.stm32cube.ide.mcu.externaltools.gnu-tools-for-stm32.9-2020-q2-update.win32_2.0.0.202105311346/tools/bin/../lib/gcc/arm-none-eabi/9.3.1/../../../../arm-none-eabi/lib/thumb/v7e-m+fp/hard\libc_nano.a(lib_a-exit.o) (_global_impure_ptr)
d:/stm32 cube ide/stm32cubeide_1.6.1/stm32cubeide/plugins/com.st.stm32cube.ide.mcu.externaltools.gnu-tools-for-stm32.9-2020-q2-update.win32_2.0.0.202105311346/tools/bin/../lib/gcc/arm-none-eabi/9.3.1/../../../../arm-none-eabi/lib/thumb/v7e-m+fp/hard\libc_nano.a(lib_a-init.o)
                              d:/stm32 cube ide/stm32cubeide_1.6.1/stm32cubeide/plugins/com.st.stm32cube.ide.mcu.externaltools.gnu-tools-for-stm32.9-2020-q2-update.win32_2.0.0.202105311346/tools/bin/../lib/gcc/arm-none-eabi/9.3.1/../../../../arm-none-eabi/lib/thumb/v7e-m+fp/hard/crt0.o (__libc_init_array)
d:/stm32 cube ide/stm32cubeide_1.6.1/stm32cubeide/plugins/com.st.stm32cube.ide.mcu.externaltools.gnu-tools-for-stm32.9-2020-q2-update.win32_2.0.0.202105311346/tools/bin/../lib/gcc/arm-none-eabi/9.3.1/../../../../arm-none-eabi/lib/thumb/v7e-m+fp/hard\libc_nano.a(lib_a-memset.o)
                              d:/stm32 cube ide/stm32cubeide_1.6.1/stm32cubeide/plugins/com.st.stm32cube.ide.mcu.externaltools.gnu-tools-for-stm32.9-2020-q2-update.win32_2.0.0.202105311346/tools/bin/../lib/gcc/arm-none-eabi/9.3.1/../../../../arm-none-eabi/lib/thumb/v7e-m+fp/hard/crt0.o (memset)
d:/stm32 cube ide/stm32cubeide_1.6.1/stm32cubeide/plugins/com.st.stm32cube.ide.mcu.externaltools.gnu-tools-for-stm32.9-2020-q2-update.win32_2.0.0.202105311346/tools/bin/../lib/gcc/arm-none-eabi/9.3.1/../../../../arm-none-eabi/lib/thumb/v7e-m+fp/hard\libc_nano.a(lib_a-s_modf.o)
                              ./Core/Src/Usart_config.o (modf)
d:/stm32 cube ide/stm32cubeide_1.6.1/stm32cubeide/plugins/com.st.stm32cube.ide.mcu.externaltools.gnu-tools-for-stm32.9-2020-q2-update.win32_2.0.0.202105311346/tools/bin/../lib/gcc/arm-none-eabi/9.3.1/thumb/v7e-m+fp/hard\libgcc.a(_arm_muldf3.o)
                              ./Core/Src/I2C.o (__aeabi_dmul)
d:/stm32 cube ide/stm32cubeide_1.6.1/stm32cubeide/plugins/com.st.stm32cube.ide.mcu.externaltools.gnu-tools-for-stm32.9-2020-q2-update.win32_2.0.0.202105311346/tools/bin/../lib/gcc/arm-none-eabi/9.3.1/thumb/v7e-m+fp/hard\libgcc.a(_arm_addsubdf3.o)
                              d:/stm32 cube ide/stm32cubeide_1.6.1/stm32cubeide/plugins/com.st.stm32cube.ide.mcu.externaltools.gnu-tools-for-stm32.9-2020-q2-update.win32_2.0.0.202105311346/tools/bin/../lib/gcc/arm-none-eabi/9.3.1/../../../../arm-none-eabi/lib/thumb/v7e-m+fp/hard\libc_nano.a(lib_a-s_modf.o) (__aeabi_dsub)
d:/stm32 cube ide/stm32cubeide_1.6.1/stm32cubeide/plugins/com.st.stm32cube.ide.mcu.externaltools.gnu-tools-for-stm32.9-2020-q2-update.win32_2.0.0.202105311346/tools/bin/../lib/gcc/arm-none-eabi/9.3.1/thumb/v7e-m+fp/hard\libgcc.a(_arm_muldivdf3.o)
                              ./Core/Src/I2C.o (__aeabi_ddiv)
d:/stm32 cube ide/stm32cubeide_1.6.1/stm32cubeide/plugins/com.st.stm32cube.ide.mcu.externaltools.gnu-tools-for-stm32.9-2020-q2-update.win32_2.0.0.202105311346/tools/bin/../lib/gcc/arm-none-eabi/9.3.1/thumb/v7e-m+fp/hard\libgcc.a(_arm_fixdfsi.o)
                              ./Core/Src/Usart_config.o (__aeabi_d2iz)
d:/stm32 cube ide/stm32cubeide_1.6.1/stm32cubeide/plugins/com.st.stm32cube.ide.mcu.externaltools.gnu-tools-for-stm32.9-2020-q2-update.win32_2.0.0.202105311346/tools/bin/../lib/gcc/arm-none-eabi/9.3.1/thumb/v7e-m+fp/hard\libgcc.a(_arm_fixunsdfsi.o)
                              ./Core/Src/I2C.o (__aeabi_d2uiz)
[...]
Memory Configuration

Name             Origin             Length             Attributes
RAM              0x0000000020000000 0x0000000000020000 xrw
FLASH            0x0000000008000000 0x0000000000080000 xr
*default*        0x0000000000000000 0xffffffffffffffff

Linker script and memory map

LOAD d:/stm32 cube ide/stm32cubeide_1.6.1/stm32cubeide/plugins/com.st.stm32cube.ide.mcu.externaltools.gnu-tools-for-stm32.9-2020-q2-update.win32_2.0.0.202105311346/tools/bin/../lib/gcc/arm-none-eabi/9.3.1/thumb/v7e-m+fp/hard/crti.o
LOAD d:/stm32 cube ide/stm32cubeide_1.6.1/stm32cubeide/plugins/com.st.stm32cube.ide.mcu.externaltools.gnu-tools-for-stm32.9-2020-q2-update.win32_2.0.0.202105311346/tools/bin/../lib/gcc/arm-none-eabi/9.3.1/thumb/v7e-m+fp/hard/crtbegin.o
LOAD d:/stm32 cube ide/stm32cubeide_1.6.1/stm32cubeide/plugins/com.st.stm32cube.ide.mcu.externaltools.gnu-tools-for-stm32.9-2020-q2-update.win32_2.0.0.202105311346/tools/bin/../lib/gcc/arm-none-eabi/9.3.1/../../../../arm-none-eabi/lib/thumb/v7e-m+fp/hard/crt0.o
LOAD ./Core/Src/GPIO.o
LOAD ./Core/Src/I2C.o
LOAD ./Core/Src/NVIC.o
LOAD ./Core/Src/RCC.o
LOAD ./Core/Src/Usart_config.o
LOAD ./Core/Src/main.o
LOAD ./Core/Src/stm32f4xx_hal_msp.o
LOAD ./Core/Src/stm32f4xx_it.o
LOAD ./Core/Src/syscalls.o
LOAD ./Core/Src/sysmem.o
LOAD ./Core/Src/system_stm32f4xx.o
LOAD ./Core/Startup/startup_stm32f411retx.o
LOAD ./Drivers/STM32F4xx_HAL_Driver/Src/stm32f4xx_hal.o
LOAD ./Drivers/STM32F4xx_HAL_Driver/Src/stm32f4xx_hal_cortex.o
LOAD ./Drivers/STM32F4xx_HAL_Driver/Src/stm32f4xx_hal_dma.o
LOAD ./Drivers/STM32F4xx_HAL_Driver/Src/stm32f4xx_hal_dma_ex.o
LOAD ./Drivers/STM32F4xx_HAL_Driver/Src/stm32f4xx_hal_exti.o
LOAD ./Drivers/STM32F4xx_HAL_Driver/Src/stm32f4xx_hal_flash.o
LOAD ./Drivers/STM32F4xx_HAL_Driver/Src/stm32f4xx_hal_flash_ex.o
LOAD ./Drivers/STM32F4xx_HAL_Driver/Src/stm32f4xx_hal_flash_ramfunc.o
LOAD ./Drivers/STM32F4xx_HAL_Driver/Src/stm32f4xx_hal_gpio.o
LOAD ./Drivers/STM32F4xx_HAL_Driver/Src/stm32f4xx_hal_i2c.o
LOAD ./Drivers/STM32F4xx_HAL_Driver/Src/stm32f4xx_hal_i2c_ex.o
LOAD ./Drivers/STM32F4xx_HAL_Driver/Src/stm32f4xx_hal_pwr.o
LOAD ./Drivers/STM32F4xx_HAL_Driver/Src/stm32f4xx_hal_pwr_ex.o
LOAD ./Drivers/STM32F4xx_HAL_Driver/Src/stm32f4xx_hal_rcc.o
LOAD ./Drivers/STM32F4xx_HAL_Driver/Src/stm32f4xx_hal_rcc_ex.o
LOAD ./Drivers/STM32F4xx_HAL_Driver/Src/stm32f4xx_hal_tim.o
LOAD ./Drivers/STM32F4xx_HAL_Driver/Src/stm32f4xx_hal_tim_ex.o
LOAD ./Drivers/STM32F4xx_HAL_Driver/Src/stm32f4xx_hal_uart.o
START GROUP
LOAD d:/stm32 cube ide/stm32cubeide_1.6.1/stm32cubeide/plugins/com.st.stm32cube.ide.mcu.externaltools.gnu-tools-for-stm32.9-2020-q2-update.win32_2.0.0.202105311346/tools/bin/../lib/gcc/arm-none-eabi/9.3.1/../../../../arm-none-eabi/lib/thumb/v7e-m+fp/hard\libc_nano.a
LOAD d:/stm32 cube ide/stm32cubeide_1.6.1/stm32cubeide/plugins/com.st.stm32cube.ide.mcu.externaltools.gnu-tools-for-stm32.9-2020-q2-update.win32_2.0.0.202105311346/tools/bin/../lib/gcc/arm-none-eabi/9.3.1/../../../../arm-none-eabi/lib/thumb/v7e-m+fp/hard\libm.a
END GROUP
START GROUP
LOAD d:/stm32 cube ide/stm32cubeide_1.6.1/stm32cubeide/plugins/com.st.stm32cube.ide.mcu.externaltools.gnu-tools-for-stm32.9-2020-q2-update.win32_2.0.0.202105311346/tools/bin/../lib/gcc/arm-none-eabi/9.3.1/thumb/v7e-m+fp/hard\libgcc.a
LOAD d:/stm32 cube ide/stm32cubeide_1.6.1/stm32cubeide/plugins/com.st.stm32cube.ide.mcu.externaltools.gnu-tools-for-stm32.9-2020-q2-update.win32_2.0.0.202105311346/tools/bin/../lib/gcc/arm-none-eabi/9.3.1/../../../../arm-none-eabi/lib/thumb/v7e-m+fp/hard\libc_nano.a
END GROUP
START GROUP
LOAD d:/stm32 cube ide/stm32cubeide_1.6.1/stm32cubeide/plugins/com.st.stm32cube.ide.mcu.externaltools.gnu-tools-for-stm32.9-2020-q2-update.win32_2.0.0.202105311346/tools/bin/../lib/gcc/arm-none-eabi/9.3.1/thumb/v7e-m+fp/hard\libgcc.a
LOAD d:/stm32 cube ide/stm32cubeide_1.6.1/stm32cubeide/plugins/com.st.stm32cube.ide.mcu.externaltools.gnu-tools-for-stm32.9-2020-q2-update.win32_2.0.0.202105311346/tools/bin/../lib/gcc/arm-none-eabi/9.3.1/../../../../arm-none-eabi/lib/thumb/v7e-m+fp/hard\libc_nano.a
LOAD d:/stm32 cube ide/stm32cubeide_1.6.1/stm32cubeide/plugins/com.st.stm32cube.ide.mcu.externaltools.gnu-tools-for-stm32.9-2020-q2-update.win32_2.0.0.202105311346/tools/bin/../lib/gcc/arm-none-eabi/9.3.1/../../../../arm-none-eabi/lib/thumb/v7e-m+fp/hard\libnosys.a
END GROUP
START GROUP
LOAD d:/stm32 cube ide/stm32cubeide_1.6.1/stm32cubeide/plugins/com.st.stm32cube.ide.mcu.externaltools.gnu-tools-for-stm32.9-2020-q2-update.win32_2.0.0.202105311346/tools/bin/../lib/gcc/arm-none-eabi/9.3.1/thumb/v7e-m+fp/hard\libgcc.a
LOAD d:/stm32 cube ide/stm32cubeide_1.6.1/stm32cubeide/plugins/com.st.stm32cube.ide.mcu.externaltools.gnu-tools-for-stm32.9-2020-q2-update.win32_2.0.0.202105311346/tools/bin/../lib/gcc/arm-none-eabi/9.3.1/../../../../arm-none-eabi/lib/thumb/v7e-m+fp/hard\libc_nano.a
LOAD d:/stm32 cube ide/stm32cubeide_1.6.1/stm32cubeide/plugins/com.st.stm32cube.ide.mcu.externaltools.gnu-tools-for-stm32.9-2020-q2-update.win32_2.0.0.202105311346/tools/bin/../lib/gcc/arm-none-eabi/9.3.1/../../../../arm-none-eabi/lib/thumb/v7e-m+fp/hard\libnosys.a
END GROUP
LOAD d:/stm32 cube ide/stm32cubeide_1.6.1/stm32cubeide/plugins/com.st.stm32cube.ide.mcu.externaltools.gnu-tools-for-stm32.9-2020-q2-update.win32_2.0.0.202105311346/tools/bin/../lib/gcc/arm-none-eabi/9.3.1/thumb/v7e-m+fp/hard/crtend.o
LOAD d:/stm32 cube ide/stm32cubeide_1.6.1/stm32cubeide/plugins/com.st.stm32cube.ide.mcu.externaltools.gnu-tools-for-stm32.9-2020-q2-update.win32_2.0.0.202105311346/tools/bin/../lib/gcc/arm-none-eabi/9.3.1/thumb/v7e-m+fp/hard/crtn.o
                0x0000000020020000                _estack = (ORIGIN (RAM) + LENGTH (RAM))
                0x0000000000000200                _Min_Heap_Size = 0x200
                0x0000000000000400                _Min_Stack_Size = 0x400

.isr_vector     0x0000000008000000      0x198
                0x0000000008000000                . = ALIGN (0x4)
 *(.isr_vector)
 .isr_vector    0x0000000008000000      0x198 ./Core/Startup/startup_stm32f411retx.o
                0x0000000008000000                g_pfnVectors
                0x0000000008000198                . = ALIGN (0x4)

.text           0x0000000008000198     0x3550
                0x0000000008000198                . = ALIGN (0x4)
 *(.text)
 .text          0x0000000008000198       0x40 d:/stm32 cube ide/stm32cubeide_1.6.1/stm32cubeide/plugins/com.st.stm32cube.ide.mcu.externaltools.gnu-tools-for-stm32.9-2020-q2-update.win32_2.0.0.202105311346/tools/bin/../lib/gcc/arm-none-eabi/9.3.1/thumb/v7e-m+fp/hard/crtbegin.o
 .text          0x00000000080001d8      0x378 d:/stm32 cube ide/stm32cubeide_1.6.1/stm32cubeide/plugins/com.st.stm32cube.ide.mcu.externaltools.gnu-tools-for-stm32.9-2020-q2-update.win32_2.0.0.202105311346/tools/bin/../lib/gcc/arm-none-eabi/9.3.1/thumb/v7e-m+fp/hard\libgcc.a(_arm_addsubdf3.o)
                0x00000000080001d8                __aeabi_drsub
                0x00000000080001e0                __aeabi_dsub
                0x00000000080001e0                __subdf3
                0x00000000080001e4                __aeabi_dadd
                0x00000000080001e4                __adddf3
                0x000000000800045c                __floatunsidf
                0x000000000800045c                __aeabi_ui2d
                0x000000000800047c                __floatsidf
                0x000000000800047c                __aeabi_i2d
                0x00000000080004a0                __aeabi_f2d
                0x00000000080004a0                __extendsfdf2
                0x00000000080004e4                __floatundidf
                0x00000000080004e4                __aeabi_ul2d
                0x00000000080004f4                __floatdidf
                0x00000000080004f4                __aeabi_l2d
 .text          0x0000000008000550      0x424 d:/stm32 cube ide/stm32cubeide_1.6.1/stm32cubeide/plugins/com.st.stm32cube.ide.mcu.externaltools.gnu-tools-for-stm32.9-2020-q2-update.win32_2.0.0.202105311346/tools/bin/../lib/gcc/arm-none-eabi/9.3.1/thumb/v7e-m+fp/hard\libgcc.a(_arm_muldivdf3.o)
                0x0000000008000550                __aeabi_dmul
                0x0000000008000550                __muldf3
                0x00000000080007a4                __divdf3
                0x00000000080007a4                __aeabi_ddiv
 .text          0x0000000008000974       0x40 d:/stm32 cube ide/stm32cubeide_1.6.1/stm32cubeide/plugins/com.st.stm32cube.ide.mcu.externaltools.gnu-tools-for-stm32.9-2020-q2-update.win32_2.0.0.202105311346/tools/bin/../lib/gcc/arm-none-eabi/9.3.1/thumb/v7e-m+fp/hard\libgcc.a(_arm_fixunsdfsi.o)
                0x0000000008000974                __aeabi_d2uiz
                0x0000000008000974                __fixunsdfsi
 .text          0x00000000080009b4       0x30 d:/stm32 cube ide/stm32cubeide_1.6.1/stm32cubeide/plugins/com.st.stm32cube.ide.mcu.externaltools.gnu-tools-for-stm32.9-2020-q2-update.win32_2.0.0.202105311346/tools/bin/../lib/gcc/arm-none-eabi/9.3.1/thumb/v7e-m+fp/hard\libgcc.a(_aeabi_uldivmod.o)
                0x00000000080009b4                __aeabi_uldivmod
 .text          0x00000000080009e4      0x2c4 d:/stm32 cube ide/stm32cubeide_1.6.1/stm32cubeide/plugins/com.st.stm32cube.ide.mcu.externaltools.gnu-tools-for-stm32.9-2020-q2-update.win32_2.0.0.202105311346/tools/bin/../lib/gcc/arm-none-eabi/9.3.1/thumb/v7e-m+fp/hard\libgcc.a(_udivmoddi4.o)
                0x00000000080009e4                __udivmoddi4
 .text          0x0000000008000ca8        0x4 d:/stm32 cube ide/stm32cubeide_1.6.1/stm32cubeide/plugins/com.st.stm32cube.ide.mcu.externaltools.gnu-tools-for-stm32.9-2020-q2-update.win32_2.0.0.202105311346/tools/bin/../lib/gcc/arm-none-eabi/9.3.1/thumb/v7e-m+fp/hard\libgcc.a(_dvmd_tls.o)
                0x0000000008000ca8                __aeabi_idiv0
                0x0000000008000ca8                __aeabi_ldiv0
 *(.text*)
 .text.gpioConfigurePin
                0x0000000008000cac      0x170 ./Core/Src/GPIO.o
                0x0000000008000cac                gpioConfigurePin
 .text.getI2CFreq
                0x0000000008000e1c       0x16 ./Core/Src/I2C.o
                0x0000000008000e1c                getI2CFreq
 .text.I2C_configure
                0x0000000008000e32       0x7a ./Core/Src/I2C.o
                0x0000000008000e32                I2C_configure
 .text.I2C_SoftwareReset
                0x0000000008000eac       0x38 ./Core/Src/I2C.o
                0x0000000008000eac                I2C_SoftwareReset
 *fill*         0x0000000008000ee4        0x4 
 .text.I2C_set_CCR_and_TRISE
                0x0000000008000ee8      0x1e4 ./Core/Src/I2C.o
                0x0000000008000ee8                I2C_set_CCR_and_TRISE
 .text.nvicEnableIrq
                0x00000000080010cc       0x44 ./Core/Src/NVIC.o
                0x00000000080010cc                nvicEnableIrq
 .text.rccResetUnresetDevice
                0x0000000008001110       0x50 ./Core/Src/RCC.o
                0x0000000008001110                rccResetUnresetDevice
 .text.rccEnableClock
                0x0000000008001160       0x3c ./Core/Src/RCC.o
                0x0000000008001160                rccEnableClock
 .text.rccResetAndUnresetUsart
                0x000000000800119c       0x54 ./Core/Src/RCC.o
                0x000000000800119c                rccResetAndUnresetUsart
 .text.rccResetAndUnresetI2C
                0x00000000080011f0       0x30 ./Core/Src/RCC.o
                0x00000000080011f0                rccResetAndUnresetI2C
 .text.main     0x0000000008001220       0x94 ./Core/Src/main.o
                0x0000000008001220                main
 .text.SystemClock_Config
                0x00000000080012b4       0xd0 ./Core/Src/main.o
                0x00000000080012b4                SystemClock_Config
 .text.MX_I2C1_Init
                0x0000000008001384       0x5c ./Core/Src/main.o
 .text.MX_I2C2_Init
                0x00000000080013e0       0x5c ./Core/Src/main.o
 .text.MX_I2C3_Init
                0x000000000800143c       0x5c ./Core/Src/main.o
 .text.MX_USART1_UART_Init
                0x0000000008001498       0x54 ./Core/Src/main.o
 .text.MX_USART2_UART_Init
                0x00000000080014ec       0x54 ./Core/Src/main.o
 .text.MX_DMA_Init
                0x0000000008001540       0x40 ./Core/Src/main.o
 .text.MX_GPIO_Init
                0x0000000008001580       0xe0 ./Core/Src/main.o
 .text.Error_Handler
                0x0000000008001660        0xa ./Core/Src/main.o
                0x0000000008001660                Error_Handler
 *fill*         0x000000000800166a        0x2 
 .text.HAL_MspInit
                0x000000000800166c       0x50 ./Core/Src/stm32f4xx_hal_msp.o
                0x000000000800166c                HAL_MspInit
 .text.HAL_I2C_MspInit
                0x00000000080016bc      0x1cc ./Core/Src/stm32f4xx_hal_msp.o
                0x00000000080016bc                HAL_I2C_MspInit
 .text.HAL_UART_MspInit
                0x0000000008001888      0x15c ./Core/Src/stm32f4xx_hal_msp.o
                0x0000000008001888                HAL_UART_MspInit
 .text.NMI_Handler
                0x00000000080019e4        0x6 ./Core/Src/stm32f4xx_it.o
                0x00000000080019e4                NMI_Handler
 .text.HardFault_Handler
                0x00000000080019ea        0x6 ./Core/Src/stm32f4xx_it.o
                0x00000000080019ea                HardFault_Handler
 .text.MemManage_Handler
                0x00000000080019f0        0x6 ./Core/Src/stm32f4xx_it.o
                0x00000000080019f0                MemManage_Handler
 .text.BusFault_Handler
                0x00000000080019f6        0x6 ./Core/Src/stm32f4xx_it.o
                0x00000000080019f6                BusFault_Handler
 .text.UsageFault_Handler
                0x00000000080019fc        0x6 ./Core/Src/stm32f4xx_it.o
                0x00000000080019fc                UsageFault_Handler
 .text.SVC_Handler
                0x0000000008001a02        0xe ./Core/Src/stm32f4xx_it.o
                0x0000000008001a02                SVC_Handler
 .text.DebugMon_Handler
                0x0000000008001a10        0xe ./Core/Src/stm32f4xx_it.o
                0x0000000008001a10                DebugMon_Handler
 .text.PendSV_Handler
                0x0000000008001a1e        0xe ./Core/Src/stm32f4xx_it.o
                0x0000000008001a1e                PendSV_Handler
 .text.SysTick_Handler
                0x0000000008001a2c        0xc ./Core/Src/stm32f4xx_it.o
                0x0000000008001a2c                SysTick_Handler
 .text.DMA1_Stream5_IRQHandler
                0x0000000008001a38       0x14 ./Core/Src/stm32f4xx_it.o
                0x0000000008001a38                DMA1_Stream5_IRQHandler
 .text.SystemInit
                0x0000000008001a4c       0x24 ./Core/Src/system_stm32f4xx.o
                0x0000000008001a4c                SystemInit
 .text.Reset_Handler
                0x0000000008001a70       0x50 ./Core/Startup/startup_stm32f411retx.o
                0x0000000008001a70                Reset_Handler
 .text.Default_Handler
                0x0000000008001ac0        0x2 ./Core/Startup/startup_stm32f411retx.o
                0x0000000008001ac0                RTC_Alarm_IRQHandler
                0x0000000008001ac0                EXTI2_IRQHandler
                0x0000000008001ac0                SPI4_IRQHandler
                0x0000000008001ac0                TIM1_CC_IRQHandler
                0x0000000008001ac0                DMA2_Stream5_IRQHandler
                0x0000000008001ac0                PVD_IRQHandler
                0x0000000008001ac0                SDIO_IRQHandler
                0x0000000008001ac0                TAMP_STAMP_IRQHandler
                0x0000000008001ac0                EXTI3_IRQHandler
                0x0000000008001ac0                TIM1_UP_TIM10_IRQHandler
                0x0000000008001ac0                I2C3_ER_IRQHandler
                0x0000000008001ac0                EXTI0_IRQHandler
                0x0000000008001ac0                I2C2_EV_IRQHandler
                0x0000000008001ac0                DMA1_Stream2_IRQHandler
                0x0000000008001ac0                FPU_IRQHandler
                0x0000000008001ac0                DMA2_Stream2_IRQHandler
                0x0000000008001ac0                SPI1_IRQHandler
                0x0000000008001ac0                TIM1_BRK_TIM9_IRQHandler
                0x0000000008001ac0                DMA2_Stream3_IRQHandler
                0x0000000008001ac0                USART6_IRQHandler
                0x0000000008001ac0                DMA2_Stream0_IRQHandler
                0x0000000008001ac0                TIM4_IRQHandler
                0x0000000008001ac0                I2C1_EV_IRQHandler
                0x0000000008001ac0                DMA1_Stream6_IRQHandler
                0x0000000008001ac0                DMA1_Stream1_IRQHandler
                0x0000000008001ac0                TIM3_IRQHandler
                0x0000000008001ac0                RCC_IRQHandler
                0x0000000008001ac0                Default_Handler
                0x0000000008001ac0                EXTI15_10_IRQHandler
                0x0000000008001ac0                ADC_IRQHandler
                0x0000000008001ac0                DMA1_Stream7_IRQHandler
                0x0000000008001ac0                SPI5_IRQHandler
                0x0000000008001ac0                TIM5_IRQHandler
                0x0000000008001ac0                DMA2_Stream7_IRQHandler
                0x0000000008001ac0                I2C3_EV_IRQHandler
                0x0000000008001ac0                EXTI9_5_IRQHandler
                0x0000000008001ac0                RTC_WKUP_IRQHandler
                0x0000000008001ac0                SPI2_IRQHandler
                0x0000000008001ac0                DMA1_Stream0_IRQHandler
                0x0000000008001ac0                EXTI4_IRQHandler
                0x0000000008001ac0                WWDG_IRQHandler
                0x0000000008001ac0                TIM2_IRQHandler
                0x0000000008001ac0                OTG_FS_WKUP_IRQHandler
                0x0000000008001ac0                TIM1_TRG_COM_TIM11_IRQHandler
                0x0000000008001ac0                EXTI1_IRQHandler
                0x0000000008001ac0                USART2_IRQHandler
                0x0000000008001ac0                I2C2_ER_IRQHandler
                0x0000000008001ac0                DMA2_Stream1_IRQHandler
                0x0000000008001ac0                FLASH_IRQHandler
                0x0000000008001ac0                DMA2_Stream4_IRQHandler
                0x0000000008001ac0                USART1_IRQHandler
                0x0000000008001ac0                OTG_FS_IRQHandler
                0x0000000008001ac0                SPI3_IRQHandler
                0x0000000008001ac0                DMA1_Stream4_IRQHandler
                0x0000000008001ac0                I2C1_ER_IRQHandler
                0x0000000008001ac0                DMA2_Stream6_IRQHandler
                0x0000000008001ac0                DMA1_Stream3_IRQHandler
 *fill*         0x0000000008001ac2        0x2 
 .text.HAL_Init
                0x0000000008001ac4       0x44 ./Drivers/STM32F4xx_HAL_Driver/Src/stm32f4xx_hal.o
                0x0000000008001ac4                HAL_Init
 .text.HAL_InitTick
                0x0000000008001b08       0x60 ./Drivers/STM32F4xx_HAL_Driver/Src/stm32f4xx_hal.o
                0x0000000008001b08                HAL_InitTick
 .text.HAL_IncTick
                0x0000000008001b68       0x28 ./Drivers/STM32F4xx_HAL_Driver/Src/stm32f4xx_hal.o
                0x0000000008001b68                HAL_IncTick
 .text.HAL_GetTick
                0x0000000008001b90       0x18 ./Drivers/STM32F4xx_HAL_Driver/Src/stm32f4xx_hal.o
                0x0000000008001b90                HAL_GetTick
 .text.__NVIC_SetPriorityGrouping
                0x0000000008001ba8       0x48 ./Drivers/STM32F4xx_HAL_Driver/Src/stm32f4xx_hal_cortex.o
 .text.__NVIC_GetPriorityGrouping
                0x0000000008001bf0       0x1c ./Drivers/STM32F4xx_HAL_Driver/Src/stm32f4xx_hal_cortex.o
 .text.__NVIC_EnableIRQ
                0x0000000008001c0c       0x3c ./Drivers/STM32F4xx_HAL_Driver/Src/stm32f4xx_hal_cortex.o
 .text.__NVIC_SetPriority
                0x0000000008001c48       0x54 ./Drivers/STM32F4xx_HAL_Driver/Src/stm32f4xx_hal_cortex.o
 .text.NVIC_EncodePriority
                0x0000000008001c9c       0x66 ./Drivers/STM32F4xx_HAL_Driver/Src/stm32f4xx_hal_cortex.o
 *fill*         0x0000000008001d02        0x2 
 .text.SysTick_Config
                0x0000000008001d04       0x44 ./Drivers/STM32F4xx_HAL_Driver/Src/stm32f4xx_hal_cortex.o
 .text.HAL_NVIC_SetPriorityGrouping
                0x0000000008001d48       0x16 ./Drivers/STM32F4xx_HAL_Driver/Src/stm32f4xx_hal_cortex.o
                0x0000000008001d48                HAL_NVIC_SetPriorityGrouping
 .text.HAL_NVIC_SetPriority
                0x0000000008001d5e       0x38 ./Drivers/STM32F4xx_HAL_Driver/Src/stm32f4xx_hal_cortex.o
                0x0000000008001d5e                HAL_NVIC_SetPriority
 .text.HAL_NVIC_EnableIRQ
                0x0000000008001d96       0x1c ./Drivers/STM32F4xx_HAL_Driver/Src/stm32f4xx_hal_cortex.o
                0x0000000008001d96                HAL_NVIC_EnableIRQ
 .text.HAL_SYSTICK_Config
                0x0000000008001db2       0x18 ./Drivers/STM32F4xx_HAL_Driver/Src/stm32f4xx_hal_cortex.o
                0x0000000008001db2                HAL_SYSTICK_Config
 *fill*         0x0000000008001dca        0x2 
 .text.HAL_DMA_Init
                0x0000000008001dcc      0x15c ./Drivers/STM32F4xx_HAL_Driver/Src/stm32f4xx_hal_dma.o
                0x0000000008001dcc                HAL_DMA_Init
 .text.HAL_DMA_IRQHandler
                0x0000000008001f28      0x314 ./Drivers/STM32F4xx_HAL_Driver/Src/stm32f4xx_hal_dma.o
                0x0000000008001f28                HAL_DMA_IRQHandler
 .text.DMA_CalcBaseAndBitshift
                0x000000000800223c       0x6c ./Drivers/STM32F4xx_HAL_Driver/Src/stm32f4xx_hal_dma.o
 .text.DMA_CheckFifoParam
                0x00000000080022a8       0xf8 ./Drivers/STM32F4xx_HAL_Driver/Src/stm32f4xx_hal_dma.o
 .text.HAL_GPIO_Init
                0x00000000080023a0      0x308 ./Drivers/STM32F4xx_HAL_Driver/Src/stm32f4xx_hal_gpio.o
                0x00000000080023a0                HAL_GPIO_Init
 .text.HAL_GPIO_WritePin
                0x00000000080026a8       0x32 ./Drivers/STM32F4xx_HAL_Driver/Src/stm32f4xx_hal_gpio.o
                0x00000000080026a8                HAL_GPIO_WritePin
 *fill*         0x00000000080026da        0x2 
 .text.HAL_I2C_Init
                0x00000000080026dc      0x288 ./Drivers/STM32F4xx_HAL_Driver/Src/stm32f4xx_hal_i2c.o
                0x00000000080026dc                HAL_I2C_Init
 .text.HAL_RCC_OscConfig
                0x0000000008002964      0x4f0 ./Drivers/STM32F4xx_HAL_Driver/Src/stm32f4xx_hal_rcc.o
                0x0000000008002964                HAL_RCC_OscConfig
 .text.HAL_RCC_ClockConfig
                0x0000000008002e54      0x1cc ./Drivers/STM32F4xx_HAL_Driver/Src/stm32f4xx_hal_rcc.o
                0x0000000008002e54                HAL_RCC_ClockConfig
 .text.HAL_RCC_GetSysClockFreq
                0x0000000008003020      0x1c4 ./Drivers/STM32F4xx_HAL_Driver/Src/stm32f4xx_hal_rcc.o
                0x0000000008003020                HAL_RCC_GetSysClockFreq
 .text.HAL_RCC_GetHCLKFreq
                0x00000000080031e4       0x18 ./Drivers/STM32F4xx_HAL_Driver/Src/stm32f4xx_hal_rcc.o
                0x00000000080031e4                HAL_RCC_GetHCLKFreq
 .text.HAL_RCC_GetPCLK1Freq
                0x00000000080031fc       0x28 ./Drivers/STM32F4xx_HAL_Driver/Src/stm32f4xx_hal_rcc.o
                0x00000000080031fc                HAL_RCC_GetPCLK1Freq
 .text.HAL_RCC_GetPCLK2Freq
                0x0000000008003224       0x28 ./Drivers/STM32F4xx_HAL_Driver/Src/stm32f4xx_hal_rcc.o
                0x0000000008003224                HAL_RCC_GetPCLK2Freq
 .text.HAL_UART_Init
                0x000000000800324c       0x9a ./Drivers/STM32F4xx_HAL_Driver/Src/stm32f4xx_hal_uart.o
                0x000000000800324c                HAL_UART_Init
 *fill*         0x00000000080032e6        0x2 
 .text.UART_SetConfig
                0x00000000080032e8      0x390 ./Drivers/STM32F4xx_HAL_Driver/Src/stm32f4xx_hal_uart.o
 .text.__libc_init_array
                0x0000000008003678       0x48 d:/stm32 cube ide/stm32cubeide_1.6.1/stm32cubeide/plugins/com.st.stm32cube.ide.mcu.externaltools.gnu-tools-for-stm32.9-2020-q2-update.win32_2.0.0.202105311346/tools/bin/../lib/gcc/arm-none-eabi/9.3.1/../../../../arm-none-eabi/lib/thumb/v7e-m+fp/hard\libc_nano.a(lib_a-init.o)
                0x0000000008003678                __libc_init_array
 .text.memset   0x00000000080036c0       0x10 d:/stm32 cube ide/stm32cubeide_1.6.1/stm32cubeide/plugins/com.st.stm32cube.ide.mcu.externaltools.gnu-tools-for-stm32.9-2020-q2-update.win32_2.0.0.202105311346/tools/bin/../lib/gcc/arm-none-eabi/9.3.1/../../../../arm-none-eabi/lib/thumb/v7e-m+fp/hard\libc_nano.a(lib_a-memset.o)
                0x00000000080036c0                memset
 *(.glue_7)
 .glue_7        0x00000000080036d0        0x0 linker stubs
 *(.glue_7t)
 .glue_7t       0x00000000080036d0        0x0 linker stubs
 *(.eh_frame)
 .eh_frame      0x00000000080036d0        0x0 d:/stm32 cube ide/stm32cubeide_1.6.1/stm32cubeide/plugins/com.st.stm32cube.ide.mcu.externaltools.gnu-tools-for-stm32.9-2020-q2-update.win32_2.0.0.202105311346/tools/bin/../lib/gcc/arm-none-eabi/9.3.1/thumb/v7e-m+fp/hard/crtbegin.o
 *(.init)
 .init          0x00000000080036d0        0x4 d:/stm32 cube ide/stm32cubeide_1.6.1/stm32cubeide/plugins/com.st.stm32cube.ide.mcu.externaltools.gnu-tools-for-stm32.9-2020-q2-update.win32_2.0.0.202105311346/tools/bin/../lib/gcc/arm-none-eabi/9.3.1/thumb/v7e-m+fp/hard/crti.o
                0x00000000080036d0                _init
 .init          0x00000000080036d4        0x8 d:/stm32 cube ide/stm32cubeide_1.6.1/stm32cubeide/plugins/com.st.stm32cube.ide.mcu.externaltools.gnu-tools-for-stm32.9-2020-q2-update.win32_2.0.0.202105311346/tools/bin/../lib/gcc/arm-none-eabi/9.3.1/thumb/v7e-m+fp/hard/crtn.o
 *(.fini)
 .fini          0x00000000080036dc        0x4 d:/stm32 cube ide/stm32cubeide_1.6.1/stm32cubeide/plugins/com.st.stm32cube.ide.mcu.externaltools.gnu-tools-for-stm32.9-2020-q2-update.win32_2.0.0.202105311346/tools/bin/../lib/gcc/arm-none-eabi/9.3.1/thumb/v7e-m+fp/hard/crti.o
                0x00000000080036dc                _fini
 .fini          0x00000000080036e0        0x8 d:/stm32 cube ide/stm32cubeide_1.6.1/stm32cubeide/plugins/com.st.stm32cube.ide.mcu.externaltools.gnu-tools-for-stm32.9-2020-q2-update.win32_2.0.0.202105311346/tools/bin/../lib/gcc/arm-none-eabi/9.3.1/thumb/v7e-m+fp/hard/crtn.o
                0x00000000080036e8                . = ALIGN (0x4)
                0x00000000080036e8                _etext = .

.vfp11_veneer   0x00000000080036e8        0x0
 .vfp11_veneer  0x00000000080036e8        0x0 linker stubs

.v4_bx          0x00000000080036e8        0x0
 .v4_bx         0x00000000080036e8        0x0 linker stubs

.iplt           0x00000000080036e8        0x0
 .iplt          0x00000000080036e8        0x0 d:/stm32 cube ide/stm32cubeide_1.6.1/stm32cubeide/plugins/com.st.stm32cube.ide.mcu.externaltools.gnu-tools-for-stm32.9-2020-q2-update.win32_2.0.0.202105311346/tools/bin/../lib/gcc/arm-none-eabi/9.3.1/thumb/v7e-m+fp/hard/crtbegin.o

.rodata         0x00000000080036e8       0x20
                0x00000000080036e8                . = ALIGN (0x4)
 *(.rodata)
 *(.rodata*)
 .rodata.AHBPrescTable
                0x00000000080036e8       0x10 ./Core/Src/system_stm32f4xx.o
                0x00000000080036e8                AHBPrescTable
 .rodata.APBPrescTable
                0x00000000080036f8        0x8 ./Core/Src/system_stm32f4xx.o
                0x00000000080036f8                APBPrescTable
 .rodata.flagBitshiftOffset.7875
                0x0000000008003700        0x8 ./Drivers/STM32F4xx_HAL_Driver/Src/stm32f4xx_hal_dma.o
                0x0000000008003708                . = ALIGN (0x4)

.ARM.extab      0x0000000008003708        0x0
                0x0000000008003708                . = ALIGN (0x4)
 *(.ARM.extab* .gnu.linkonce.armextab.*)
                0x0000000008003708                . = ALIGN (0x4)

.ARM            0x0000000008003708        0x8
                0x0000000008003708                . = ALIGN (0x4)
                0x0000000008003708                __exidx_start = .
 *(.ARM.exidx*)
 .ARM.exidx     0x0000000008003708        0x8 d:/stm32 cube ide/stm32cubeide_1.6.1/stm32cubeide/plugins/com.st.stm32cube.ide.mcu.externaltools.gnu-tools-for-stm32.9-2020-q2-update.win32_2.0.0.202105311346/tools/bin/../lib/gcc/arm-none-eabi/9.3.1/thumb/v7e-m+fp/hard\libgcc.a(_udivmoddi4.o)
                0x0000000008003710                __exidx_end = .
                0x0000000008003710                . = ALIGN (0x4)

.rel.dyn        0x0000000008003710        0x0
 .rel.iplt      0x0000000008003710        0x0 d:/stm32 cube ide/stm32cubeide_1.6.1/stm32cubeide/plugins/com.st.stm32cube.ide.mcu.externaltools.gnu-tools-for-stm32.9-2020-q2-update.win32_2.0.0.202105311346/tools/bin/../lib/gcc/arm-none-eabi/9.3.1/thumb/v7e-m+fp/hard/crtbegin.o

.preinit_array  0x0000000008003710        0x0
                0x0000000008003710                . = ALIGN (0x4)
                0x0000000008003710                PROVIDE (__preinit_array_start = .)
 *(.preinit_array*)
                0x0000000008003710                PROVIDE (__preinit_array_end = .)
                0x0000000008003710                . = ALIGN (0x4)

.init_array     0x0000000008003710        0x4
                0x0000000008003710                . = ALIGN (0x4)
                0x0000000008003710                PROVIDE (__init_array_start = .)
 *(SORT_BY_NAME(.init_array.*))
 *(.init_array*)
 .init_array    0x0000000008003710        0x4 d:/stm32 cube ide/stm32cubeide_1.6.1/stm32cubeide/plugins/com.st.stm32cube.ide.mcu.externaltools.gnu-tools-for-stm32.9-2020-q2-update.win32_2.0.0.202105311346/tools/bin/../lib/gcc/arm-none-eabi/9.3.1/thumb/v7e-m+fp/hard/crtbegin.o
                0x0000000008003714                PROVIDE (__init_array_end = .)
                0x0000000008003714                . = ALIGN (0x4)

.fini_array     0x0000000008003714        0x4
                0x0000000008003714                . = ALIGN (0x4)
                [!provide]                        PROVIDE (__fini_array_start = .)
 *(SORT_BY_NAME(.fini_array.*))
 *(.fini_array*)
 .fini_array    0x0000000008003714        0x4 d:/stm32 cube ide/stm32cubeide_1.6.1/stm32cubeide/plugins/com.st.stm32cube.ide.mcu.externaltools.gnu-tools-for-stm32.9-2020-q2-update.win32_2.0.0.202105311346/tools/bin/../lib/gcc/arm-none-eabi/9.3.1/thumb/v7e-m+fp/hard/crtbegin.o
                [!provide]                        PROVIDE (__fini_array_end = .)
                0x0000000008003718                . = ALIGN (0x4)
                0x0000000008003718                _sidata = LOADADDR (.data)

.data           0x0000000020000000        0xc load address 0x0000000008003718
                0x0000000020000000                . = ALIGN (0x4)
                0x0000000020000000                _sdata = .
 *(.data)
 *(.data*)
 .data.SystemCoreClock
                0x0000000020000000        0x4 ./Core/Src/system_stm32f4xx.o
                0x0000000020000000                SystemCoreClock
 .data.uwTickPrio
                0x0000000020000004        0x4 ./Drivers/STM32F4xx_HAL_Driver/Src/stm32f4xx_hal.o
                0x0000000020000004                uwTickPrio
 .data.uwTickFreq
                0x0000000020000008        0x1 ./Drivers/STM32F4xx_HAL_Driver/Src/stm32f4xx_hal.o
                0x0000000020000008                uwTickFreq
 *(.RamFunc)
 *(.RamFunc*)
                0x000000002000000c                . = ALIGN (0x4)
 *fill*         0x0000000020000009        0x3 
                0x000000002000000c                _edata = .

.igot.plt       0x000000002000000c        0x0 load address 0x0000000008003724
 .igot.plt      0x000000002000000c        0x0 d:/stm32 cube ide/stm32cubeide_1.6.1/stm32cubeide/plugins/com.st.stm32cube.ide.mcu.externaltools.gnu-tools-for-stm32.9-2020-q2-update.win32_2.0.0.202105311346/tools/bin/../lib/gcc/arm-none-eabi/9.3.1/thumb/v7e-m+fp/hard/crtbegin.o
                0x000000002000000c                . = ALIGN (0x4)

.bss            0x000000002000000c      0x204 load address 0x0000000008003724
                0x000000002000000c                _sbss = .
                0x000000002000000c                __bss_start__ = _sbss
 *(.bss)
 .bss           0x000000002000000c       0x1c d:/stm32 cube ide/stm32cubeide_1.6.1/stm32cubeide/plugins/com.st.stm32cube.ide.mcu.externaltools.gnu-tools-for-stm32.9-2020-q2-update.win32_2.0.0.202105311346/tools/bin/../lib/gcc/arm-none-eabi/9.3.1/thumb/v7e-m+fp/hard/crtbegin.o
 *(.bss*)
 *(COMMON)
 COMMON         0x0000000020000028      0x1e4 ./Core/Src/main.o
                0x0000000020000028                hdma_usart2_rx
                0x0000000020000088                hi2c3
                0x00000000200000dc                hi2c1
                0x0000000020000130                hi2c2
                0x0000000020000184                huart1
                0x00000000200001c8                huart2
 COMMON         0x000000002000020c        0x4 ./Drivers/STM32F4xx_HAL_Driver/Src/stm32f4xx_hal.o
                0x000000002000020c                uwTick
                0x0000000020000210                . = ALIGN (0x4)
                0x0000000020000210                _ebss = .
                0x0000000020000210                __bss_end__ = _ebss

._user_heap_stack
                0x0000000020000210      0x600 load address 0x0000000008003724
                0x0000000020000210                . = ALIGN (0x8)
                [!provide]                        PROVIDE (end = .)
                0x0000000020000210                PROVIDE (_end = .)
                0x0000000020000410                . = (. + _Min_Heap_Size)
 *fill*         0x0000000020000210      0x200 
                0x0000000020000810                . = (. + _Min_Stack_Size)
 *fill*         0x0000000020000410      0x400 
                0x0000000020000810                . = ALIGN (0x8)

/DISCARD/
 libc.a(*)
 libm.a(*)
 libgcc.a(*)

.ARM.attributes
                0x0000000000000000       0x30
 *(.ARM.attributes)
 .ARM.attributes
                0x0000000000000000       0x1e d:/stm32 cube ide/stm32cubeide_1.6.1/stm32cubeide/plugins/com.st.stm32cube.ide.mcu.externaltools.gnu-tools-for-stm32.9-2020-q2-update.win32_2.0.0.202105311346/tools/bin/../lib/gcc/arm-none-eabi/9.3.1/thumb/v7e-m+fp/hard/crti.o
 .ARM.attributes
                0x000000000000001e       0x34 d:/stm32 cube ide/stm32cubeide_1.6.1/stm32cubeide/plugins/com.st.stm32cube.ide.mcu.externaltools.gnu-tools-for-stm32.9-2020-q2-update.win32_2.0.0.202105311346/tools/bin/../lib/gcc/arm-none-eabi/9.3.1/thumb/v7e-m+fp/hard/crtbegin.o
 .ARM.attributes
                0x0000000000000052       0x34 ./Core/Src/GPIO.o
 .ARM.attributes
                0x0000000000000086       0x34 ./Core/Src/I2C.o
 .ARM.attributes
                0x00000000000000ba       0x34 ./Core/Src/NVIC.o
 .ARM.attributes
                0x00000000000000ee       0x34 ./Core/Src/RCC.o
 .ARM.attributes
                0x0000000000000122       0x34 ./Core/Src/main.o
 .ARM.attributes
                0x0000000000000156       0x34 ./Core/Src/stm32f4xx_hal_msp.o
 .ARM.attributes
                0x000000000000018a       0x34 ./Core/Src/stm32f4xx_it.o
 .ARM.attributes
                0x00000000000001be       0x34 ./Core/Src/system_stm32f4xx.o
 .ARM.attributes
                0x00000000000001f2       0x21 ./Core/Startup/startup_stm32f411retx.o
 .ARM.attributes
                0x0000000000000213       0x34 ./Drivers/STM32F4xx_HAL_Driver/Src/stm32f4xx_hal.o
 .ARM.attributes
                0x0000000000000247       0x34 ./Drivers/STM32F4xx_HAL_Driver/Src/stm32f4xx_hal_cortex.o
 .ARM.attributes
                0x000000000000027b       0x34 ./Drivers/STM32F4xx_HAL_Driver/Src/stm32f4xx_hal_dma.o
 .ARM.attributes
                0x00000000000002af       0x34 ./Drivers/STM32F4xx_HAL_Driver/Src/stm32f4xx_hal_gpio.o
 .ARM.attributes
                0x00000000000002e3       0x34 ./Drivers/STM32F4xx_HAL_Driver/Src/stm32f4xx_hal_i2c.o
 .ARM.attributes
                0x0000000000000317       0x34 ./Drivers/STM32F4xx_HAL_Driver/Src/stm32f4xx_hal_rcc.o
 .ARM.attributes
                0x000000000000034b       0x34 ./Drivers/STM32F4xx_HAL_Driver/Src/stm32f4xx_hal_uart.o
 .ARM.attributes
                0x000000000000037f       0x34 d:/stm32 cube ide/stm32cubeide_1.6.1/stm32cubeide/plugins/com.st.stm32cube.ide.mcu.externaltools.gnu-tools-for-stm32.9-2020-q2-update.win32_2.0.0.202105311346/tools/bin/../lib/gcc/arm-none-eabi/9.3.1/../../../../arm-none-eabi/lib/thumb/v7e-m+fp/hard\libc_nano.a(lib_a-init.o)
 .ARM.attributes
                0x00000000000003b3       0x34 d:/stm32 cube ide/stm32cubeide_1.6.1/stm32cubeide/plugins/com.st.stm32cube.ide.mcu.externaltools.gnu-tools-for-stm32.9-2020-q2-update.win32_2.0.0.202105311346/tools/bin/../lib/gcc/arm-none-eabi/9.3.1/../../../../arm-none-eabi/lib/thumb/v7e-m+fp/hard\libc_nano.a(lib_a-memset.o)
 .ARM.attributes
                0x00000000000003e7       0x1e d:/stm32 cube ide/stm32cubeide_1.6.1/stm32cubeide/plugins/com.st.stm32cube.ide.mcu.externaltools.gnu-tools-for-stm32.9-2020-q2-update.win32_2.0.0.202105311346/tools/bin/../lib/gcc/arm-none-eabi/9.3.1/thumb/v7e-m+fp/hard\libgcc.a(_arm_addsubdf3.o)
 .ARM.attributes
                0x0000000000000405       0x1e d:/stm32 cube ide/stm32cubeide_1.6.1/stm32cubeide/plugins/com.st.stm32cube.ide.mcu.externaltools.gnu-tools-for-stm32.9-2020-q2-update.win32_2.0.0.202105311346/tools/bin/../lib/gcc/arm-none-eabi/9.3.1/thumb/v7e-m+fp/hard\libgcc.a(_arm_muldivdf3.o)
 .ARM.attributes
                0x0000000000000423       0x1e d:/stm32 cube ide/stm32cubeide_1.6.1/stm32cubeide/plugins/com.st.stm32cube.ide.mcu.externaltools.gnu-tools-for-stm32.9-2020-q2-update.win32_2.0.0.202105311346/tools/bin/../lib/gcc/arm-none-eabi/9.3.1/thumb/v7e-m+fp/hard\libgcc.a(_arm_fixunsdfsi.o)
 .ARM.attributes
                0x0000000000000441       0x1e d:/stm32 cube ide/stm32cubeide_1.6.1/stm32cubeide/plugins/com.st.stm32cube.ide.mcu.externaltools.gnu-tools-for-stm32.9-2020-q2-update.win32_2.0.0.202105311346/tools/bin/../lib/gcc/arm-none-eabi/9.3.1/thumb/v7e-m+fp/hard\libgcc.a(_aeabi_uldivmod.o)
 .ARM.attributes
                0x000000000000045f       0x34 d:/stm32 cube ide/stm32cubeide_1.6.1/stm32cubeide/plugins/com.st.stm32cube.ide.mcu.externaltools.gnu-tools-for-stm32.9-2020-q2-update.win32_2.0.0.202105311346/tools/bin/../lib/gcc/arm-none-eabi/9.3.1/thumb/v7e-m+fp/hard\libgcc.a(_udivmoddi4.o)
 .ARM.attributes
                0x0000000000000493       0x1e d:/stm32 cube ide/stm32cubeide_1.6.1/stm32cubeide/plugins/com.st.stm32cube.ide.mcu.externaltools.gnu-tools-for-stm32.9-2020-q2-update.win32_2.0.0.202105311346/tools/bin/../lib/gcc/arm-none-eabi/9.3.1/thumb/v7e-m+fp/hard\libgcc.a(_dvmd_tls.o)
 .ARM.attributes
                0x00000000000004b1       0x1e d:/stm32 cube ide/stm32cubeide_1.6.1/stm32cubeide/plugins/com.st.stm32cube.ide.mcu.externaltools.gnu-tools-for-stm32.9-2020-q2-update.win32_2.0.0.202105311346/tools/bin/../lib/gcc/arm-none-eabi/9.3.1/thumb/v7e-m+fp/hard/crtn.o
OUTPUT(Uart_to_I2C_Converter.elf elf32-littlearm)
LOAD linker stubs
LOAD d:/stm32 cube ide/stm32cubeide_1.6.1/stm32cubeide/plugins/com.st.stm32cube.ide.mcu.externaltools.gnu-tools-for-stm32.9-2020-q2-update.win32_2.0.0.202105311346/tools/bin/../lib/gcc/arm-none-eabi/9.3.1/../../../../arm-none-eabi/lib/thumb/v7e-m+fp/hard\libc.a
LOAD d:/stm32 cube ide/stm32cubeide_1.6.1/stm32cubeide/plugins/com.st.stm32cube.ide.mcu.externaltools.gnu-tools-for-stm32.9-2020-q2-update.win32_2.0.0.202105311346/tools/bin/../lib/gcc/arm-none-eabi/9.3.1/../../../../arm-none-eabi/lib/thumb/v7e-m+fp/hard\libm.a
LOAD d:/stm32 cube ide/stm32cubeide_1.6.1/stm32cubeide/plugins/com.st.stm32cube.ide.mcu.externaltools.gnu-tools-for-stm32.9-2020-q2-update.win32_2.0.0.202105311346/tools/bin/../lib/gcc/arm-none-eabi/9.3.1/thumb/v7e-m+fp/hard\libgcc.a

.debug_info     0x0000000000000000     0xb87f
 .debug_info    0x0000000000000000      0x2ab ./Core/Src/GPIO.o
 .debug_info    0x00000000000002ab      0x5fa ./Core/Src/I2C.o
 .debug_info    0x00000000000008a5      0x286 ./Core/Src/NVIC.o
 .debug_info    0x0000000000000b2b      0x3db ./Core/Src/RCC.o
 .debug_info    0x0000000000000f06     0x203e ./Core/Src/main.o
 .debug_info    0x0000000000002f44      0xe70 ./Core/Src/stm32f4xx_hal_msp.o
 .debug_info    0x0000000000003db4      0x4af ./Core/Src/stm32f4xx_it.o
 .debug_info    0x0000000000004263      0x5d0 ./Core/Src/system_stm32f4xx.o
 .debug_info    0x0000000000004833       0x22 ./Core/Startup/startup_stm32f411retx.o
 .debug_info    0x0000000000004855      0x944 ./Drivers/STM32F4xx_HAL_Driver/Src/stm32f4xx_hal.o
 .debug_info    0x0000000000005199      0xe47 ./Drivers/STM32F4xx_HAL_Driver/Src/stm32f4xx_hal_cortex.o
 .debug_info    0x0000000000005fe0      0x9e9 ./Drivers/STM32F4xx_HAL_Driver/Src/stm32f4xx_hal_dma.o
 .debug_info    0x00000000000069c9      0x862 ./Drivers/STM32F4xx_HAL_Driver/Src/stm32f4xx_hal_gpio.o
 .debug_info    0x000000000000722b     0x2639 ./Drivers/STM32F4xx_HAL_Driver/Src/stm32f4xx_hal_i2c.o
 .debug_info    0x0000000000009864      0x9be ./Drivers/STM32F4xx_HAL_Driver/Src/stm32f4xx_hal_rcc.o
 .debug_info    0x000000000000a222     0x165d ./Drivers/STM32F4xx_HAL_Driver/Src/stm32f4xx_hal_uart.o

.debug_abbrev   0x0000000000000000     0x1da3
 .debug_abbrev  0x0000000000000000      0x119 ./Core/Src/GPIO.o
 .debug_abbrev  0x0000000000000119      0x19c ./Core/Src/I2C.o
 .debug_abbrev  0x00000000000002b5       0xfa ./Core/Src/NVIC.o
 .debug_abbrev  0x00000000000003af      0x121 ./Core/Src/RCC.o
 .debug_abbrev  0x00000000000004d0      0x356 ./Core/Src/main.o
 .debug_abbrev  0x0000000000000826      0x1ea ./Core/Src/stm32f4xx_hal_msp.o
 .debug_abbrev  0x0000000000000a10      0x134 ./Core/Src/stm32f4xx_it.o
 .debug_abbrev  0x0000000000000b44      0x145 ./Core/Src/system_stm32f4xx.o
 .debug_abbrev  0x0000000000000c89       0x12 ./Core/Startup/startup_stm32f411retx.o
 .debug_abbrev  0x0000000000000c9b      0x21e ./Drivers/STM32F4xx_HAL_Driver/Src/stm32f4xx_hal.o
 .debug_abbrev  0x0000000000000eb9      0x33c ./Drivers/STM32F4xx_HAL_Driver/Src/stm32f4xx_hal_cortex.o
 .debug_abbrev  0x00000000000011f5      0x219 ./Drivers/STM32F4xx_HAL_Driver/Src/stm32f4xx_hal_dma.o
 .debug_abbrev  0x000000000000140e      0x1f1 ./Drivers/STM32F4xx_HAL_Driver/Src/stm32f4xx_hal_gpio.o
 .debug_abbrev  0x00000000000015ff      0x293 ./Drivers/STM32F4xx_HAL_Driver/Src/stm32f4xx_hal_i2c.o
 .debug_abbrev  0x0000000000001892      0x275 ./Drivers/STM32F4xx_HAL_Driver/Src/stm32f4xx_hal_rcc.o
 .debug_abbrev  0x0000000000001b07      0x29c ./Drivers/STM32F4xx_HAL_Driver/Src/stm32f4xx_hal_uart.o

.debug_aranges  0x0000000000000000      0xa80
 .debug_aranges
                0x0000000000000000       0x28 ./Core/Src/GPIO.o
 .debug_aranges
                0x0000000000000028       0x58 ./Core/Src/I2C.o
 .debug_aranges
                0x0000000000000080       0x30 ./Core/Src/NVIC.o
 .debug_aranges
                0x00000000000000b0       0x40 ./Core/Src/RCC.o
 .debug_aranges
                0x00000000000000f0       0x80 ./Core/Src/main.o
 .debug_aranges
                0x0000000000000170       0x40 ./Core/Src/stm32f4xx_hal_msp.o
 .debug_aranges
                0x00000000000001b0       0x68 ./Core/Src/stm32f4xx_it.o
 .debug_aranges
                0x0000000000000218       0x28 ./Core/Src/system_stm32f4xx.o
 .debug_aranges
                0x0000000000000240       0x28 ./Core/Startup/startup_stm32f411retx.o
 .debug_aranges
                0x0000000000000268       0xf0 ./Drivers/STM32F4xx_HAL_Driver/Src/stm32f4xx_hal.o
 .debug_aranges
                0x0000000000000358      0x118 ./Drivers/STM32F4xx_HAL_Driver/Src/stm32f4xx_hal_cortex.o
 .debug_aranges
                0x0000000000000470       0x90 ./Drivers/STM32F4xx_HAL_Driver/Src/stm32f4xx_hal_dma.o
 .debug_aranges
                0x0000000000000500       0x58 ./Drivers/STM32F4xx_HAL_Driver/Src/stm32f4xx_hal_gpio.o
 .debug_aranges
                0x0000000000000558      0x2a0 ./Drivers/STM32F4xx_HAL_Driver/Src/stm32f4xx_hal_i2c.o
 .debug_aranges
                0x00000000000007f8       0x88 ./Drivers/STM32F4xx_HAL_Driver/Src/stm32f4xx_hal_rcc.o
 .debug_aranges
                0x0000000000000880      0x200 ./Drivers/STM32F4xx_HAL_Driver/Src/stm32f4xx_hal_uart.o

.debug_ranges   0x0000000000000000      0x9e0
 .debug_ranges  0x0000000000000000       0x18 ./Core/Src/GPIO.o
 .debug_ranges  0x0000000000000018       0x48 ./Core/Src/I2C.o
 .debug_ranges  0x0000000000000060       0x20 ./Core/Src/NVIC.o
 .debug_ranges  0x0000000000000080       0x30 ./Core/Src/RCC.o
 .debug_ranges  0x00000000000000b0       0x70 ./Core/Src/main.o
 .debug_ranges  0x0000000000000120       0x30 ./Core/Src/stm32f4xx_hal_msp.o
 .debug_ranges  0x0000000000000150       0x58 ./Core/Src/stm32f4xx_it.o
 .debug_ranges  0x00000000000001a8       0x18 ./Core/Src/system_stm32f4xx.o
 .debug_ranges  0x00000000000001c0       0x20 ./Core/Startup/startup_stm32f411retx.o
 .debug_ranges  0x00000000000001e0       0xe0 ./Drivers/STM32F4xx_HAL_Driver/Src/stm32f4xx_hal.o
 .debug_ranges  0x00000000000002c0      0x108 ./Drivers/STM32F4xx_HAL_Driver/Src/stm32f4xx_hal_cortex.o
 .debug_ranges  0x00000000000003c8       0x80 ./Drivers/STM32F4xx_HAL_Driver/Src/stm32f4xx_hal_dma.o
 .debug_ranges  0x0000000000000448       0x48 ./Drivers/STM32F4xx_HAL_Driver/Src/stm32f4xx_hal_gpio.o
 .debug_ranges  0x0000000000000490      0x2b8 ./Drivers/STM32F4xx_HAL_Driver/Src/stm32f4xx_hal_i2c.o
 .debug_ranges  0x0000000000000748       0x78 ./Drivers/STM32F4xx_HAL_Driver/Src/stm32f4xx_hal_rcc.o
 .debug_ranges  0x00000000000007c0      0x220 ./Drivers/STM32F4xx_HAL_Driver/Src/stm32f4xx_hal_uart.o

.debug_macro    0x0000000000000000    0x1569d
 .debug_macro   0x0000000000000000       0x7b ./Core/Src/GPIO.o
 .debug_macro   0x000000000000007b      0xaa8 ./Core/Src/GPIO.o
 .debug_macro   0x0000000000000b23       0x22 ./Core/Src/GPIO.o
 .debug_macro   0x0000000000000b45       0x8e ./Core/Src/GPIO.o
 .debug_macro   0x0000000000000bd3       0x51 ./Core/Src/GPIO.o
 .debug_macro   0x0000000000000c24      0x103 ./Core/Src/GPIO.o
 .debug_macro   0x0000000000000d27       0x6a ./Core/Src/GPIO.o
 .debug_macro   0x0000000000000d91      0x1df ./Core/Src/GPIO.o
 .debug_macro   0x0000000000000f70       0x10 ./Core/Src/GPIO.o
 .debug_macro   0x0000000000000f80       0x6a ./Core/Src/GPIO.o
 .debug_macro   0x0000000000000fea       0x7b ./Core/Src/I2C.o
 .debug_macro   0x0000000000001065       0x2e ./Core/Src/I2C.o
 .debug_macro   0x0000000000001093       0x84 ./Core/Src/NVIC.o
 .debug_macro   0x0000000000001117       0x22 ./Core/Src/NVIC.o
 .debug_macro   0x0000000000001139       0x10 ./Core/Src/NVIC.o
 .debug_macro   0x0000000000001149       0x7b ./Core/Src/RCC.o
 .debug_macro   0x00000000000011c4       0x40 ./Core/Src/RCC.o
 .debug_macro   0x0000000000001204      0x308 ./Core/Src/main.o
 .debug_macro   0x000000000000150c      0x29b ./Core/Src/main.o
 .debug_macro   0x00000000000017a7       0x2e ./Core/Src/main.o
 .debug_macro   0x00000000000017d5       0x28 ./Core/Src/main.o
 .debug_macro   0x00000000000017fd       0x1c ./Core/Src/main.o
 .debug_macro   0x0000000000001819       0x22 ./Core/Src/main.o
 .debug_macro   0x000000000000183b       0xdf ./Core/Src/main.o
 .debug_macro   0x000000000000191a     0x102d ./Core/Src/main.o
 .debug_macro   0x0000000000002947      0x11f ./Core/Src/main.o
 .debug_macro   0x0000000000002a66     0xb937 ./Core/Src/main.o
 .debug_macro   0x000000000000e39d       0x43 ./Core/Src/main.o
 .debug_macro   0x000000000000e3e0     0x3659 ./Core/Src/main.o
 .debug_macro   0x0000000000011a39       0x5c ./Core/Src/main.o
 .debug_macro   0x0000000000011a95      0x447 ./Core/Src/main.o
 .debug_macro   0x0000000000011edc      0x9fe ./Core/Src/main.o
 .debug_macro   0x00000000000128da      0x117 ./Core/Src/main.o
 .debug_macro   0x00000000000129f1      0x11b ./Core/Src/main.o
 .debug_macro   0x0000000000012b0c       0x82 ./Core/Src/main.o
 .debug_macro   0x0000000000012b8e      0x15f ./Core/Src/main.o
 .debug_macro   0x0000000000012ced      0x287 ./Core/Src/main.o
 .debug_macro   0x0000000000012f74       0x5f ./Core/Src/main.o
 .debug_macro   0x0000000000012fd3      0x236 ./Core/Src/main.o
 .debug_macro   0x0000000000013209      0x132 ./Core/Src/main.o
 .debug_macro   0x000000000001333b      0x264 ./Core/Src/main.o
 .debug_macro   0x000000000001359f       0x2e ./Core/Src/main.o
 .debug_macro   0x00000000000135cd      0x1b5 ./Core/Src/main.o
 .debug_macro   0x0000000000013782       0x22 ./Core/Src/main.o
 .debug_macro   0x00000000000137a4       0xd6 ./Core/Src/main.o
 .debug_macro   0x000000000001387a      0x11a ./Core/Src/main.o
 .debug_macro   0x0000000000013994       0x85 ./Core/Src/main.o
 .debug_macro   0x0000000000013a19       0x89 ./Core/Src/main.o
 .debug_macro   0x0000000000013aa2      0x295 ./Core/Src/main.o
 .debug_macro   0x0000000000013d37      0x126 ./Core/Src/main.o
 .debug_macro   0x0000000000013e5d       0x58 ./Core/Src/main.o
 .debug_macro   0x0000000000013eb5       0x52 ./Core/Src/main.o
 .debug_macro   0x0000000000013f07      0x333 ./Core/Src/main.o
 .debug_macro   0x000000000001423a       0x46 ./Core/Src/main.o
 .debug_macro   0x0000000000014280       0x40 ./Core/Src/main.o
 .debug_macro   0x00000000000142c0       0x34 ./Core/Src/main.o
 .debug_macro   0x00000000000142f4       0x16 ./Core/Src/main.o
 .debug_macro   0x000000000001430a       0x35 ./Core/Src/main.o
 .debug_macro   0x000000000001433f       0x20 ./Core/Src/main.o
 .debug_macro   0x000000000001435f      0x1e2 ./Core/Src/stm32f4xx_hal_msp.o
 .debug_macro   0x0000000000014541      0x1ec ./Core/Src/stm32f4xx_it.o
 .debug_macro   0x000000000001472d      0x1d3 ./Core/Src/system_stm32f4xx.o
 .debug_macro   0x0000000000014900      0x233 ./Drivers/STM32F4xx_HAL_Driver/Src/stm32f4xx_hal.o
 .debug_macro   0x0000000000014b33      0x1d3 ./Drivers/STM32F4xx_HAL_Driver/Src/stm32f4xx_hal_cortex.o
 .debug_macro   0x0000000000014d06      0x1d9 ./Drivers/STM32F4xx_HAL_Driver/Src/stm32f4xx_hal_dma.o
 .debug_macro   0x0000000000014edf      0x1d9 ./Drivers/STM32F4xx_HAL_Driver/Src/stm32f4xx_hal_gpio.o
 .debug_macro   0x00000000000150b8      0x21a ./Drivers/STM32F4xx_HAL_Driver/Src/stm32f4xx_hal_i2c.o
 .debug_macro   0x00000000000152d2      0x1f7 ./Drivers/STM32F4xx_HAL_Driver/Src/stm32f4xx_hal_rcc.o
 .debug_macro   0x00000000000154c9      0x1d4 ./Drivers/STM32F4xx_HAL_Driver/Src/stm32f4xx_hal_uart.o

.debug_line     0x0000000000000000     0xc94f
 .debug_line    0x0000000000000000      0x490 ./Core/Src/GPIO.o
 .debug_line    0x0000000000000490      0x67d ./Core/Src/I2C.o
 .debug_line    0x0000000000000b0d      0x449 ./Core/Src/NVIC.o
 .debug_line    0x0000000000000f56      0x468 ./Core/Src/RCC.o
 .debug_line    0x00000000000013be      0xb1d ./Core/Src/main.o
 .debug_line    0x0000000000001edb      0x874 ./Core/Src/stm32f4xx_hal_msp.o
 .debug_line    0x000000000000274f      0x7d1 ./Core/Src/stm32f4xx_it.o
 .debug_line    0x0000000000002f20      0x778 ./Core/Src/system_stm32f4xx.o
 .debug_line    0x0000000000003698       0x88 ./Core/Startup/startup_stm32f411retx.o
 .debug_line    0x0000000000003720      0x9de ./Drivers/STM32F4xx_HAL_Driver/Src/stm32f4xx_hal.o
 .debug_line    0x00000000000040fe      0xc8d ./Drivers/STM32F4xx_HAL_Driver/Src/stm32f4xx_hal_cortex.o
 .debug_line    0x0000000000004d8b      0xf47 ./Drivers/STM32F4xx_HAL_Driver/Src/stm32f4xx_hal_dma.o
 .debug_line    0x0000000000005cd2      0xb1a ./Drivers/STM32F4xx_HAL_Driver/Src/stm32f4xx_hal_gpio.o
 .debug_line    0x00000000000067ec     0x3965 ./Drivers/STM32F4xx_HAL_Driver/Src/stm32f4xx_hal_i2c.o
 .debug_line    0x000000000000a151      0xd5a ./Drivers/STM32F4xx_HAL_Driver/Src/stm32f4xx_hal_rcc.o
 .debug_line    0x000000000000aeab     0x1aa4 ./Drivers/STM32F4xx_HAL_Driver/Src/stm32f4xx_hal_uart.o

.debug_str      0x0000000000000000    0x8855d
 .debug_str     0x0000000000000000     0x3ed3 ./Core/Src/GPIO.o
                                       0x4040 (size before relaxing)
 .debug_str     0x0000000000003ed3      0x6e7 ./Core/Src/I2C.o
                                       0x4434 (size before relaxing)
 .debug_str     0x00000000000045ba      0x1eb ./Core/Src/NVIC.o
                                       0x3edf (size before relaxing)
 .debug_str     0x00000000000047a5      0x31d ./Core/Src/RCC.o
                                       0x4066 (size before relaxing)
 .debug_str     0x0000000000004ac2    0x8180f ./Core/Src/main.o
                                      0x86277 (size before relaxing)
 .debug_str     0x00000000000862d1       0x7d ./Core/Src/stm32f4xx_hal_msp.o
                                      0x8176f (size before relaxing)
 .debug_str     0x000000000008634e       0xd5 ./Core/Src/stm32f4xx_it.o
                                      0x811c5 (size before relaxing)
 .debug_str     0x0000000000086423       0xaf ./Core/Src/system_stm32f4xx.o
                                      0x80f22 (size before relaxing)
 .debug_str     0x00000000000864d2       0x36 ./Core/Startup/startup_stm32f411retx.o
                                         0x81 (size before relaxing)
 .debug_str     0x0000000000086508      0x58d ./Drivers/STM32F4xx_HAL_Driver/Src/stm32f4xx_hal.o
                                      0x818ac (size before relaxing)
 .debug_str     0x0000000000086a95      0x37b ./Drivers/STM32F4xx_HAL_Driver/Src/stm32f4xx_hal_cortex.o
                                      0x81689 (size before relaxing)
 .debug_str     0x0000000000086e10      0x318 ./Drivers/STM32F4xx_HAL_Driver/Src/stm32f4xx_hal_dma.o
                                      0x8133a (size before relaxing)
 .debug_str     0x0000000000087128      0x15a ./Drivers/STM32F4xx_HAL_Driver/Src/stm32f4xx_hal_gpio.o
                                      0x810c9 (size before relaxing)
 .debug_str     0x0000000000087282      0xabe ./Drivers/STM32F4xx_HAL_Driver/Src/stm32f4xx_hal_i2c.o
                                      0x81e97 (size before relaxing)
 .debug_str     0x0000000000087d40      0x239 ./Drivers/STM32F4xx_HAL_Driver/Src/stm32f4xx_hal_rcc.o
                                      0x81324 (size before relaxing)
 .debug_str     0x0000000000087f79      0x5e4 ./Drivers/STM32F4xx_HAL_Driver/Src/stm32f4xx_hal_uart.o
                                      0x81874 (size before relaxing)

.comment        0x0000000000000000       0x53
 .comment       0x0000000000000000       0x53 ./Core/Src/GPIO.o
                                         0x54 (size before relaxing)
 .comment       0x0000000000000053       0x54 ./Core/Src/I2C.o
 .comment       0x0000000000000053       0x54 ./Core/Src/NVIC.o
 .comment       0x0000000000000053       0x54 ./Core/Src/RCC.o
 .comment       0x0000000000000053       0x54 ./Core/Src/main.o
 .comment       0x0000000000000053       0x54 ./Core/Src/stm32f4xx_hal_msp.o
 .comment       0x0000000000000053       0x54 ./Core/Src/stm32f4xx_it.o
 .comment       0x0000000000000053       0x54 ./Core/Src/system_stm32f4xx.o
 .comment       0x0000000000000053       0x54 ./Drivers/STM32F4xx_HAL_Driver/Src/stm32f4xx_hal.o
 .comment       0x0000000000000053       0x54 ./Drivers/STM32F4xx_HAL_Driver/Src/stm32f4xx_hal_cortex.o
 .comment       0x0000000000000053       0x54 ./Drivers/STM32F4xx_HAL_Driver/Src/stm32f4xx_hal_dma.o
 .comment       0x0000000000000053       0x54 ./Drivers/STM32F4xx_HAL_Driver/Src/stm32f4xx_hal_gpio.o
 .comment       0x0000000000000053       0x54 ./Drivers/STM32F4xx_HAL_Driver/Src/stm32f4xx_hal_i2c.o
 .comment       0x0000000000000053       0x54 ./Drivers/STM32F4xx_HAL_Driver/Src/stm32f4xx_hal_rcc.o
 .comment       0x0000000000000053       0x54 ./Drivers/STM32F4xx_HAL_Driver/Src/stm32f4xx_hal_uart.o

.debug_frame    0x0000000000000000     0x2bb8
 .debug_frame   0x0000000000000000       0x60 ./Core/Src/GPIO.o
 .debug_frame   0x0000000000000060      0x144 ./Core/Src/I2C.o
 .debug_frame   0x00000000000001a4       0x88 ./Core/Src/NVIC.o
 .debug_frame   0x000000000000022c       0xcc ./Core/Src/RCC.o
 .debug_frame   0x00000000000002f8      0x1a0 ./Core/Src/main.o
 .debug_frame   0x0000000000000498       0xc4 ./Core/Src/stm32f4xx_hal_msp.o
 .debug_frame   0x000000000000055c      0x120 ./Core/Src/stm32f4xx_it.o
 .debug_frame   0x000000000000067c       0x58 ./Core/Src/system_stm32f4xx.o
 .debug_frame   0x00000000000006d4      0x374 ./Drivers/STM32F4xx_HAL_Driver/Src/stm32f4xx_hal.o
 .debug_frame   0x0000000000000a48      0x498 ./Drivers/STM32F4xx_HAL_Driver/Src/stm32f4xx_hal_cortex.o
 .debug_frame   0x0000000000000ee0      0x250 ./Drivers/STM32F4xx_HAL_Driver/Src/stm32f4xx_hal_dma.o
 .debug_frame   0x0000000000001130      0x14c ./Drivers/STM32F4xx_HAL_Driver/Src/stm32f4xx_hal_gpio.o
 .debug_frame   0x000000000000127c      0xc5c ./Drivers/STM32F4xx_HAL_Driver/Src/stm32f4xx_hal_i2c.o
 .debug_frame   0x0000000000001ed8      0x1f0 ./Drivers/STM32F4xx_HAL_Driver/Src/stm32f4xx_hal_rcc.o
 .debug_frame   0x00000000000020c8      0x924 ./Drivers/STM32F4xx_HAL_Driver/Src/stm32f4xx_hal_uart.o
 .debug_frame   0x00000000000029ec       0x2c d:/stm32 cube ide/stm32cubeide_1.6.1/stm32cubeide/plugins/com.st.stm32cube.ide.mcu.externaltools.gnu-tools-for-stm32.9-2020-q2-update.win32_2.0.0.202105311346/tools/bin/../lib/gcc/arm-none-eabi/9.3.1/../../../../arm-none-eabi/lib/thumb/v7e-m+fp/hard\libc_nano.a(lib_a-init.o)
 .debug_frame   0x0000000000002a18       0x20 d:/stm32 cube ide/stm32cubeide_1.6.1/stm32cubeide/plugins/com.st.stm32cube.ide.mcu.externaltools.gnu-tools-for-stm32.9-2020-q2-update.win32_2.0.0.202105311346/tools/bin/../lib/gcc/arm-none-eabi/9.3.1/../../../../arm-none-eabi/lib/thumb/v7e-m+fp/hard\libc_nano.a(lib_a-memset.o)
 .debug_frame   0x0000000000002a38       0xac d:/stm32 cube ide/stm32cubeide_1.6.1/stm32cubeide/plugins/com.st.stm32cube.ide.mcu.externaltools.gnu-tools-for-stm32.9-2020-q2-update.win32_2.0.0.202105311346/tools/bin/../lib/gcc/arm-none-eabi/9.3.1/thumb/v7e-m+fp/hard\libgcc.a(_arm_addsubdf3.o)
 .debug_frame   0x0000000000002ae4       0x50 d:/stm32 cube ide/stm32cubeide_1.6.1/stm32cubeide/plugins/com.st.stm32cube.ide.mcu.externaltools.gnu-tools-for-stm32.9-2020-q2-update.win32_2.0.0.202105311346/tools/bin/../lib/gcc/arm-none-eabi/9.3.1/thumb/v7e-m+fp/hard\libgcc.a(_arm_muldivdf3.o)
 .debug_frame   0x0000000000002b34       0x24 d:/stm32 cube ide/stm32cubeide_1.6.1/stm32cubeide/plugins/com.st.stm32cube.ide.mcu.externaltools.gnu-tools-for-stm32.9-2020-q2-update.win32_2.0.0.202105311346/tools/bin/../lib/gcc/arm-none-eabi/9.3.1/thumb/v7e-m+fp/hard\libgcc.a(_arm_fixunsdfsi.o)
 .debug_frame   0x0000000000002b58       0x2c d:/stm32 cube ide/stm32cubeide_1.6.1/stm32cubeide/plugins/com.st.stm32cube.ide.mcu.externaltools.gnu-tools-for-stm32.9-2020-q2-update.win32_2.0.0.202105311346/tools/bin/../lib/gcc/arm-none-eabi/9.3.1/thumb/v7e-m+fp/hard\libgcc.a(_aeabi_uldivmod.o)
 .debug_frame   0x0000000000002b84       0x34 d:/stm32 cube ide/stm32cubeide_1.6.1/stm32cubeide/plugins/com.st.stm32cube.ide.mcu.externaltools.gnu-tools-for-stm32.9-2020-q2-update.win32_2.0.0.202105311346/tools/bin/../lib/gcc/arm-none-eabi/9.3.1/thumb/v7e-m+fp/hard\libgcc.a(_udivmoddi4.o)
