main.c:83:5:main	8	static
main.c:146:6:SystemClock_Config	88	static
main.c:191:13:MX_I2C1_Init	8	static
main.c:225:13:MX_I2C2_Init	8	static
main.c:259:13:MX_I2C3_Init	8	static
main.c:293:13:MX_USART1_UART_Init	8	static
main.c:326:13:MX_USART2_UART_Init	8	static
main.c:357:13:MX_DMA_Init	16	static
main.c:375:13:MX_GPIO_Init	48	static
main.c:404:6:Usart_Gpio_Pin_Configure	8	static
main.c:419:6:Usart_Transmit_Sentence	24	static
main.c:429:6:I2C_Read_And_Write	24	static
main.c:442:6:Error_Handler	4	static,ignoring_inline_asm
