main.c:83:5:main	8	static
main.c:144:6:SystemClock_Config	88	static
main.c:189:13:MX_I2C1_Init	8	static
main.c:223:13:MX_I2C2_Init	8	static
main.c:257:13:MX_I2C3_Init	8	static
main.c:291:13:MX_USART1_UART_Init	8	static
main.c:324:13:MX_USART2_UART_Init	8	static
main.c:355:13:MX_DMA_Init	16	static
main.c:373:13:MX_GPIO_Init	48	static
main.c:402:6:Usart_Gpio_Pin_Configure	8	static
main.c:417:6:Usart_Transmit_Sentence	24	static
main.c:427:6:I2C_Read_And_Write	24	static
main.c:440:6:Error_Handler	4	static,ignoring_inline_asm
